Archive member included to satisfy reference by file (symbol)

C:/msys64/msys64/mingw64/bin/../lib/gcc/x86_64-w64-mingw32/11.2.0/libstdc++.dll.a(d006693.o)
                              C:\Users\yomna\AppData\Local\Temp\ccjQ46Gs.o (__gxx_personality_seh0)
C:/msys64/msys64/mingw64/bin/../lib/gcc/x86_64-w64-mingw32/11.2.0/libstdc++.dll.a(d005582.o)
                              C:\Users\yomna\AppData\Local\Temp\ccjQ46Gs.o (std::basic_ostream<char, std::char_traits<char> >& std::operator<< <std::char_traits<char> >(std::basic_ostream<char, std::char_traits<char> >&, char const*))
C:/msys64/msys64/mingw64/bin/../lib/gcc/x86_64-w64-mingw32/11.2.0/libstdc++.dll.a(d005463.o)
                              C:\Users\yomna\AppData\Local\Temp\ccjQ46Gs.o (std::basic_ostream<char, std::char_traits<char> >& std::endl<char, std::char_traits<char> >(std::basic_ostream<char, std::char_traits<char> >&))
C:/msys64/msys64/mingw64/bin/../lib/gcc/x86_64-w64-mingw32/11.2.0/libstdc++.dll.a(d005462.o)
                              C:\Users\yomna\AppData\Local\Temp\ccjQ46Gs.o (std::cout)
C:/msys64/msys64/mingw64/bin/../lib/gcc/x86_64-w64-mingw32/11.2.0/libstdc++.dll.a(d005165.o)
                              C:\Users\yomna\AppData\Local\Temp\ccjQ46Gs.o (std::ios_base::Init::~Init())
C:/msys64/msys64/mingw64/bin/../lib/gcc/x86_64-w64-mingw32/11.2.0/libstdc++.dll.a(d005163.o)
                              C:\Users\yomna\AppData\Local\Temp\ccjQ46Gs.o (std::ios_base::Init::Init())
C:/msys64/msys64/mingw64/bin/../lib/gcc/x86_64-w64-mingw32/11.2.0/libstdc++.dll.a(d001896.o)
                              C:\Users\yomna\AppData\Local\Temp\ccjQ46Gs.o (std::ostream::operator<<(std::ostream& (*)(std::ostream&)))
C:/msys64/msys64/mingw64/bin/../lib/gcc/x86_64-w64-mingw32/11.2.0/libstdc++.dll.a(d000000.o)
                              C:/msys64/msys64/mingw64/bin/../lib/gcc/x86_64-w64-mingw32/11.2.0/libstdc++.dll.a(d006693.o) (_head_libstdc___6_dll)
C:/msys64/msys64/mingw64/bin/../lib/gcc/x86_64-w64-mingw32/11.2.0/libstdc++.dll.a(d006697.o)
                              C:/msys64/msys64/mingw64/bin/../lib/gcc/x86_64-w64-mingw32/11.2.0/libstdc++.dll.a(d000000.o) (libstdc___6_dll_iname)
C:/msys64/msys64/mingw64/bin/../lib/gcc/x86_64-w64-mingw32/11.2.0/../../../../x86_64-w64-mingw32/lib/../lib/libmingw32.a(lib64_libmingw32_a-gccmain.o)
                              C:/msys64/msys64/mingw64/bin/../lib/gcc/x86_64-w64-mingw32/11.2.0/../../../../x86_64-w64-mingw32/lib/../lib/crt2.o (__main)
C:/msys64/msys64/mingw64/bin/../lib/gcc/x86_64-w64-mingw32/11.2.0/../../../../x86_64-w64-mingw32/lib/../lib/libmingw32.a(lib64_libmingw32_a-natstart.o)
                              C:/msys64/msys64/mingw64/bin/../lib/gcc/x86_64-w64-mingw32/11.2.0/../../../../x86_64-w64-mingw32/lib/../lib/crt2.o (__native_startup_lock)
C:/msys64/msys64/mingw64/bin/../lib/gcc/x86_64-w64-mingw32/11.2.0/../../../../x86_64-w64-mingw32/lib/../lib/libmingw32.a(lib64_libmingw32_a-wildcard.o)
                              C:/msys64/msys64/mingw64/bin/../lib/gcc/x86_64-w64-mingw32/11.2.0/../../../../x86_64-w64-mingw32/lib/../lib/crt2.o (_dowildcard)
C:/msys64/msys64/mingw64/bin/../lib/gcc/x86_64-w64-mingw32/11.2.0/../../../../x86_64-w64-mingw32/lib/../lib/libmingw32.a(lib64_libmingw32_a-dllargv.o)
                              C:/msys64/msys64/mingw64/bin/../lib/gcc/x86_64-w64-mingw32/11.2.0/../../../../x86_64-w64-mingw32/lib/../lib/crt2.o (_setargv)
C:/msys64/msys64/mingw64/bin/../lib/gcc/x86_64-w64-mingw32/11.2.0/../../../../x86_64-w64-mingw32/lib/../lib/libmingw32.a(lib64_libmingw32_a-_newmode.o)
                              C:/msys64/msys64/mingw64/bin/../lib/gcc/x86_64-w64-mingw32/11.2.0/../../../../x86_64-w64-mingw32/lib/../lib/crt2.o (_newmode)
C:/msys64/msys64/mingw64/bin/../lib/gcc/x86_64-w64-mingw32/11.2.0/../../../../x86_64-w64-mingw32/lib/../lib/libmingw32.a(lib64_libmingw32_a-tlssup.o)
                              C:/msys64/msys64/mingw64/bin/../lib/gcc/x86_64-w64-mingw32/11.2.0/../../../../x86_64-w64-mingw32/lib/../lib/crt2.o (__mingw_initltssuo_force)
C:/msys64/msys64/mingw64/bin/../lib/gcc/x86_64-w64-mingw32/11.2.0/../../../../x86_64-w64-mingw32/lib/../lib/libmingw32.a(lib64_libmingw32_a-xncommod.o)
                              C:/msys64/msys64/mingw64/bin/../lib/gcc/x86_64-w64-mingw32/11.2.0/../../../../x86_64-w64-mingw32/lib/../lib/crt2.o (_commode)
C:/msys64/msys64/mingw64/bin/../lib/gcc/x86_64-w64-mingw32/11.2.0/../../../../x86_64-w64-mingw32/lib/../lib/libmingw32.a(lib64_libmingw32_a-cinitexe.o)
                              C:/msys64/msys64/mingw64/bin/../lib/gcc/x86_64-w64-mingw32/11.2.0/../../../../x86_64-w64-mingw32/lib/../lib/crt2.o (__xc_z)
C:/msys64/msys64/mingw64/bin/../lib/gcc/x86_64-w64-mingw32/11.2.0/../../../../x86_64-w64-mingw32/lib/../lib/libmingw32.a(lib64_libmingw32_a-merr.o)
[...]
Memory Configuration

Name             Origin             Length             Attributes
*default*        0x0000000000000000 0xffffffffffffffff

Linker script and memory map

                0x0000000140000000                __image_base__ = 0x140000000
                0x0000000000000000                __dll__ = 0x0
                0x0000000140000000                __ImageBase = 0x140000000
                0x0000000000001000                __section_alignment__ = 0x1000
                0x0000000000000200                __file_alignment__ = 0x200
                0x0000000000000004                __major_os_version__ = 0x4
                0x0000000000000000                __minor_os_version__ = 0x0
                0x0000000000000000                __major_image_version__ = 0x0
                0x0000000000000000                __minor_image_version__ = 0x0
                0x0000000000000005                __major_subsystem_version__ = 0x5
                0x0000000000000002                __minor_subsystem_version__ = 0x2
                0x0000000000000003                __subsystem__ = 0x3
                0x0000000000200000                __size_of_stack_reserve__ = 0x200000
                0x0000000000001000                __size_of_stack_commit__ = 0x1000
                0x0000000000100000                __size_of_heap_reserve__ = 0x100000
                0x0000000000001000                __size_of_heap_commit__ = 0x1000
                0x0000000000000000                __loader_flags__ = 0x0
                0x0000000000000160                __dll_characteristics__ = 0x160
LOAD C:/msys64/msys64/mingw64/bin/../lib/gcc/x86_64-w64-mingw32/11.2.0/../../../../x86_64-w64-mingw32/lib/../lib/crt2.o
LOAD C:/msys64/msys64/mingw64/bin/../lib/gcc/x86_64-w64-mingw32/11.2.0/crtbegin.o
LOAD C:\Users\yomna\AppData\Local\Temp\ccjQ46Gs.o
LOAD C:\Users\yomna\AppData\Local\Temp\cc4oDng7.o
LOAD C:\Users\yomna\AppData\Local\Temp\cc1jWlYN.o
LOAD C:/msys64/msys64/mingw64/bin/../lib/gcc/x86_64-w64-mingw32/11.2.0/libstdc++.dll.a
LOAD C:/msys64/msys64/mingw64/bin/../lib/gcc/x86_64-w64-mingw32/11.2.0/../../../../x86_64-w64-mingw32/lib/../lib/libmingw32.a
LOAD C:/msys64/msys64/mingw64/bin/../lib/gcc/x86_64-w64-mingw32/11.2.0/libgcc_s.a
LOAD C:/msys64/msys64/mingw64/bin/../lib/gcc/x86_64-w64-mingw32/11.2.0/libgcc.a
LOAD C:/msys64/msys64/mingw64/bin/../lib/gcc/x86_64-w64-mingw32/11.2.0/../../../../x86_64-w64-mingw32/lib/../lib/libmoldname.a
LOAD C:/msys64/msys64/mingw64/bin/../lib/gcc/x86_64-w64-mingw32/11.2.0/../../../../x86_64-w64-mingw32/lib/../lib/libmingwex.a
LOAD C:/msys64/msys64/mingw64/bin/../lib/gcc/x86_64-w64-mingw32/11.2.0/../../../../x86_64-w64-mingw32/lib/../lib/libmsvcrt.a
LOAD C:/msys64/msys64/mingw64/bin/../lib/gcc/x86_64-w64-mingw32/11.2.0/../../../../x86_64-w64-mingw32/lib/../lib/libkernel32.a
LOAD C:/msys64/msys64/mingw64/bin/../lib/gcc/x86_64-w64-mingw32/11.2.0/../../../../x86_64-w64-mingw32/lib/../lib/libpthread.dll.a
LOAD C:/msys64/msys64/mingw64/bin/../lib/gcc/x86_64-w64-mingw32/11.2.0/../../../../x86_64-w64-mingw32/lib/../lib/libadvapi32.a
LOAD C:/msys64/msys64/mingw64/bin/../lib/gcc/x86_64-w64-mingw32/11.2.0/../../../../x86_64-w64-mingw32/lib/../lib/libshell32.a
LOAD C:/msys64/msys64/mingw64/bin/../lib/gcc/x86_64-w64-mingw32/11.2.0/../../../../x86_64-w64-mingw32/lib/../lib/libuser32.a
LOAD C:/msys64/msys64/mingw64/bin/../lib/gcc/x86_64-w64-mingw32/11.2.0/../../../../x86_64-w64-mingw32/lib/../lib/libkernel32.a
LOAD C:/msys64/msys64/mingw64/bin/../lib/gcc/x86_64-w64-mingw32/11.2.0/../../../../x86_64-w64-mingw32/lib/../lib/libmingw32.a
LOAD C:/msys64/msys64/mingw64/bin/../lib/gcc/x86_64-w64-mingw32/11.2.0/libgcc_s.a
LOAD C:/msys64/msys64/mingw64/bin/../lib/gcc/x86_64-w64-mingw32/11.2.0/libgcc.a
LOAD C:/msys64/msys64/mingw64/bin/../lib/gcc/x86_64-w64-mingw32/11.2.0/../../../../x86_64-w64-mingw32/lib/../lib/libmoldname.a
LOAD C:/msys64/msys64/mingw64/bin/../lib/gcc/x86_64-w64-mingw32/11.2.0/../../../../x86_64-w64-mingw32/lib/../lib/libmingwex.a
LOAD C:/msys64/msys64/mingw64/bin/../lib/gcc/x86_64-w64-mingw32/11.2.0/../../../../x86_64-w64-mingw32/lib/../lib/libmsvcrt.a
LOAD C:/msys64/msys64/mingw64/bin/../lib/gcc/x86_64-w64-mingw32/11.2.0/../../../../x86_64-w64-mingw32/lib/../lib/libkernel32.a
LOAD C:/msys64/msys64/mingw64/bin/../lib/gcc/x86_64-w64-mingw32/11.2.0/../../../../x86_64-w64-mingw32/lib/../lib/default-manifest.o
LOAD C:/msys64/msys64/mingw64/bin/../lib/gcc/x86_64-w64-mingw32/11.2.0/crtend.o
                0x00000000000004a8                . = SIZEOF_HEADERS
                0x0000000000001000                . = ALIGN (__section_alignment__)

.text           0x0000000140001000     0x2000
 *(SORT_NONE(.init))
 *(.text)
 .text          0x0000000140001000      0x510 C:/msys64/msys64/mingw64/bin/../lib/gcc/x86_64-w64-mingw32/11.2.0/../../../../x86_64-w64-mingw32/lib/../lib/crt2.o
                0x00000001400014b0                WinMainCRTStartup
                0x00000001400014d0                mainCRTStartup
                0x00000001400014f0                atexit
 .text          0x0000000140001510       0x20 C:/msys64/msys64/mingw64/bin/../lib/gcc/x86_64-w64-mingw32/11.2.0/crtbegin.o
                0x0000000140001510                __gcc_register_frame
                0x0000000140001520                __gcc_deregister_frame
 .text          0x0000000140001530      0x120 C:\Users\yomna\AppData\Local\Temp\ccjQ46Gs.o
                0x0000000140001530                AVR_GPIO::AVR_GPIO()
                0x0000000140001530                AVR_GPIO::AVR_GPIO()
                0x000000014000156e                AVR_GPIO::~AVR_GPIO()
                0x000000014000156e                AVR_GPIO::~AVR_GPIO()
                0x000000014000157a                ARM_GPIO::ARM_GPIO()
                0x000000014000157a                ARM_GPIO::ARM_GPIO()
                0x00000001400015b8                ARM_GPIO::~ARM_GPIO()
                0x00000001400015b8                ARM_GPIO::~ARM_GPIO()
 .text          0x0000000140001650       0x80 C:\Users\yomna\AppData\Local\Temp\cc4oDng7.o
 .text          0x00000001400016d0       0x40 C:\Users\yomna\AppData\Local\Temp\cc1jWlYN.o
                0x00000001400016d0                main
 .text          0x0000000140001710        0x8 C:/msys64/msys64/mingw64/bin/../lib/gcc/x86_64-w64-mingw32/11.2.0/libstdc++.dll.a(d006693.o)
                0x0000000140001710                __gxx_personality_seh0
 .text          0x0000000140001718        0x8 C:/msys64/msys64/mingw64/bin/../lib/gcc/x86_64-w64-mingw32/11.2.0/libstdc++.dll.a(d005582.o)
                0x0000000140001718                std::basic_ostream<char, std::char_traits<char> >& std::operator<< <std::char_traits<char> >(std::basic_ostream<char, std::char_traits<char> >&, char const*)
 .text          0x0000000140001720        0x8 C:/msys64/msys64/mingw64/bin/../lib/gcc/x86_64-w64-mingw32/11.2.0/libstdc++.dll.a(d005463.o)
                0x0000000140001720                std::basic_ostream<char, std::char_traits<char> >& std::endl<char, std::char_traits<char> >(std::basic_ostream<char, std::char_traits<char> >&)
 .text          0x0000000140001728        0x0 C:/msys64/msys64/mingw64/bin/../lib/gcc/x86_64-w64-mingw32/11.2.0/libstdc++.dll.a(d005462.o)
 .text          0x0000000140001728        0x8 C:/msys64/msys64/mingw64/bin/../lib/gcc/x86_64-w64-mingw32/11.2.0/libstdc++.dll.a(d005165.o)
                0x0000000140001728                std::ios_base::Init::~Init()
 .text          0x0000000140001730        0x8 C:/msys64/msys64/mingw64/bin/../lib/gcc/x86_64-w64-mingw32/11.2.0/libstdc++.dll.a(d005163.o)
                0x0000000140001730                std::ios_base::Init::Init()
 .text          0x0000000140001738        0x8 C:/msys64/msys64/mingw64/bin/../lib/gcc/x86_64-w64-mingw32/11.2.0/libstdc++.dll.a(d001896.o)
                0x0000000140001738                std::ostream::operator<<(std::ostream& (*)(std::ostream&))
 .text          0x0000000140001740       0xd0 C:/msys64/msys64/mingw64/bin/../lib/gcc/x86_64-w64-mingw32/11.2.0/../../../../x86_64-w64-mingw32/lib/../lib/libmingw32.a(lib64_libmingw32_a-gccmain.o)
                0x0000000140001740                __do_global_dtors
                0x0000000140001780                __do_global_ctors
                0x00000001400017f0                __main
 .text          0x0000000140001810        0x0 C:/msys64/msys64/mingw64/bin/../lib/gcc/x86_64-w64-mingw32/11.2.0/../../../../x86_64-w64-mingw32/lib/../lib/libmingw32.a(lib64_libmingw32_a-natstart.o)
 .text          0x0000000140001810        0x0 C:/msys64/msys64/mingw64/bin/../lib/gcc/x86_64-w64-mingw32/11.2.0/../../../../x86_64-w64-mingw32/lib/../lib/libmingw32.a(lib64_libmingw32_a-wildcard.o)
 .text          0x0000000140001810       0x10 C:/msys64/msys64/mingw64/bin/../lib/gcc/x86_64-w64-mingw32/11.2.0/../../../../x86_64-w64-mingw32/lib/../lib/libmingw32.a(lib64_libmingw32_a-dllargv.o)
                0x0000000140001810                _setargv
 .text          0x0000000140001820        0x0 C:/msys64/msys64/mingw64/bin/../lib/gcc/x86_64-w64-mingw32/11.2.0/../../../../x86_64-w64-mingw32/lib/../lib/libmingw32.a(lib64_libmingw32_a-_newmode.o)
 .text          0x0000000140001820       0xd0 C:/msys64/msys64/mingw64/bin/../lib/gcc/x86_64-w64-mingw32/11.2.0/../../../../x86_64-w64-mingw32/lib/../lib/libmingw32.a(lib64_libmingw32_a-tlssup.o)
                0x0000000140001850                __dyn_tls_init
                0x00000001400018e0                __tlregdtor
 .text          0x00000001400018f0        0x0 C:/msys64/msys64/mingw64/bin/../lib/gcc/x86_64-w64-mingw32/11.2.0/../../../../x86_64-w64-mingw32/lib/../lib/libmingw32.a(lib64_libmingw32_a-xncommod.o)
 .text          0x00000001400018f0        0x0 C:/msys64/msys64/mingw64/bin/../lib/gcc/x86_64-w64-mingw32/11.2.0/../../../../x86_64-w64-mingw32/lib/../lib/libmingw32.a(lib64_libmingw32_a-cinitexe.o)
 .text          0x00000001400018f0      0x100 C:/msys64/msys64/mingw64/bin/../lib/gcc/x86_64-w64-mingw32/11.2.0/../../../../x86_64-w64-mingw32/lib/../lib/libmingw32.a(lib64_libmingw32_a-merr.o)
                0x00000001400018f0                _matherr
 .text          0x00000001400019f0       0x10 C:/msys64/msys64/mingw64/bin/../lib/gcc/x86_64-w64-mingw32/11.2.0/../../../../x86_64-w64-mingw32/lib/../lib/libmingw32.a(lib64_libmingw32_a-CRT_fp10.o)
                0x00000001400019f0                fpreset
                0x00000001400019f0                _fpreset
 .text          0x0000000140001a00        0x0 C:/msys64/msys64/mingw64/bin/../lib/gcc/x86_64-w64-mingw32/11.2.0/../../../../x86_64-w64-mingw32/lib/../lib/libmingw32.a(lib64_libmingw32_a-mingw_helpers.o)
 .text          0x0000000140001a00      0x520 C:/msys64/msys64/mingw64/bin/../lib/gcc/x86_64-w64-mingw32/11.2.0/../../../../x86_64-w64-mingw32/lib/../lib/libmingw32.a(lib64_libmingw32_a-pseudo-reloc.o)
                0x0000000140001be0                _pei386_runtime_relocator
 .text          0x0000000140001f20       0x60 C:/msys64/msys64/mingw64/bin/../lib/gcc/x86_64-w64-mingw32/11.2.0/../../../../x86_64-w64-mingw32/lib/../lib/libmingw32.a(lib64_libmingw32_a-usermatherr.o)
                0x0000000140001f20                __mingw_raise_matherr
                0x0000000140001f70                __mingw_setusermatherr
 .text          0x0000000140001f80        0x0 C:/msys64/msys64/mingw64/bin/../lib/gcc/x86_64-w64-mingw32/11.2.0/../../../../x86_64-w64-mingw32/lib/../lib/libmingw32.a(lib64_libmingw32_a-xtxtmode.o)
 .text          0x0000000140001f80      0x1c0 C:/msys64/msys64/mingw64/bin/../lib/gcc/x86_64-w64-mingw32/11.2.0/../../../../x86_64-w64-mingw32/lib/../lib/libmingw32.a(lib64_libmingw32_a-crt_handler.o)
                0x0000000140001f80                _gnu_exception_handler
 .text          0x0000000140002140      0x290 C:/msys64/msys64/mingw64/bin/../lib/gcc/x86_64-w64-mingw32/11.2.0/../../../../x86_64-w64-mingw32/lib/../lib/libmingw32.a(lib64_libmingw32_a-tlsthrd.o)
                0x00000001400021c0                ___w64_mingwthr_add_key_dtor
                0x0000000140002250                ___w64_mingwthr_remove_key_dtor
                0x00000001400022e0                __mingw_TLScallback
 .text          0x00000001400023d0        0x0 C:/msys64/msys64/mingw64/bin/../lib/gcc/x86_64-w64-mingw32/11.2.0/../../../../x86_64-w64-mingw32/lib/../lib/libmingw32.a(lib64_libmingw32_a-tlsmcrt.o)
 .text          0x00000001400023d0        0x0 C:/msys64/msys64/mingw64/bin/../lib/gcc/x86_64-w64-mingw32/11.2.0/../../../../x86_64-w64-mingw32/lib/../lib/libmingw32.a(lib64_libmingw32_a-pseudo-reloc-list.o)
 .text          0x00000001400023d0      0x3e0 C:/msys64/msys64/mingw64/bin/../lib/gcc/x86_64-w64-mingw32/11.2.0/../../../../x86_64-w64-mingw32/lib/../lib/libmingw32.a(lib64_libmingw32_a-pesect.o)
                0x00000001400023d0                _ValidateImageBase
                0x0000000140002400                _FindPESection
                0x0000000140002450                _FindPESectionByName
                0x00000001400024f0                __mingw_GetSectionForAddress
                0x0000000140002570                __mingw_GetSectionCount
                0x00000001400025b0                _FindPESectionExec
                0x0000000140002620                _GetPEImageBase
                0x0000000140002660                _IsNonwritableInCurrentImage
                0x00000001400026f0                __mingw_enum_import_library_names
 .text          0x00000001400027b0        0x8 C:/msys64/msys64/mingw64/bin/../lib/gcc/x86_64-w64-mingw32/11.2.0/libgcc_s.a(d000015.o)
                0x00000001400027b0                _Unwind_Resume
 *fill*         0x00000001400027b8        0x8 
 .text          0x00000001400027c0       0x40 C:/msys64/msys64/mingw64/bin/../lib/gcc/x86_64-w64-mingw32/11.2.0/libgcc.a(_chkstk_ms.o)
                0x00000001400027c0                ___chkstk_ms
 .text          0x0000000140002800        0x0 C:/msys64/msys64/mingw64/bin/../lib/gcc/x86_64-w64-mingw32/11.2.0/libgcc.a(_ctors.o)
 .text          0x0000000140002800        0x0 C:/msys64/msys64/mingw64/bin/../lib/gcc/x86_64-w64-mingw32/11.2.0/../../../../x86_64-w64-mingw32/lib/../lib/libmingwex.a(lib64_libmingwex_a-mingw_matherr.o)
 .text          0x0000000140002800       0x10 C:/msys64/msys64/mingw64/bin/../lib/gcc/x86_64-w64-mingw32/11.2.0/../../../../x86_64-w64-mingw32/lib/../lib/libmsvcrt.a(lib64_libmsvcrt_extra_a-__p__fmode.o)
                0x0000000140002800                __p__fmode
 .text          0x0000000140002810       0x10 C:/msys64/msys64/mingw64/bin/../lib/gcc/x86_64-w64-mingw32/11.2.0/../../../../x86_64-w64-mingw32/lib/../lib/libmsvcrt.a(lib64_libmsvcrt_extra_a-__p__commode.o)
                0x0000000140002810                __p__commode
 .text          0x0000000140002820       0x10 C:/msys64/msys64/mingw64/bin/../lib/gcc/x86_64-w64-mingw32/11.2.0/../../../../x86_64-w64-mingw32/lib/../lib/libmsvcrt.a(lib64_libmsvcrt_extra_a-__p__acmdln.o)
                0x0000000140002820                __p__acmdln
 .text          0x0000000140002830       0x20 C:/msys64/msys64/mingw64/bin/../lib/gcc/x86_64-w64-mingw32/11.2.0/../../../../x86_64-w64-mingw32/lib/../lib/libmsvcrt.a(lib64_libmsvcrt_extra_a-invalid_parameter_handler.o)
                0x0000000140002830                _get_invalid_parameter_handler
                0x0000000140002840                _set_invalid_parameter_handler
 .text          0x0000000140002850       0x20 C:/msys64/msys64/mingw64/bin/../lib/gcc/x86_64-w64-mingw32/11.2.0/../../../../x86_64-w64-mingw32/lib/../lib/libmsvcrt.a(lib64_libmsvcrt_common_a-acrt_iob_func.o)
                0x0000000140002850                __acrt_iob_func
 .text          0x0000000140002870        0x8 C:/msys64/msys64/mingw64/bin/../lib/gcc/x86_64-w64-mingw32/11.2.0/../../../../x86_64-w64-mingw32/lib/../lib/libmsvcrt.a(libmsvcrt_defs00055.o)
                0x0000000140002870                __C_specific_handler
 .text          0x0000000140002878        0x8 C:/msys64/msys64/mingw64/bin/../lib/gcc/x86_64-w64-mingw32/11.2.0/../../../../x86_64-w64-mingw32/lib/../lib/libmsvcrt.a(libmsvcrt_defs00081.o)
                0x0000000140002878                __getmainargs
 .text          0x0000000140002880        0x0 C:/msys64/msys64/mingw64/bin/../lib/gcc/x86_64-w64-mingw32/11.2.0/../../../../x86_64-w64-mingw32/lib/../lib/libmsvcrt.a(libmsvcrt_defs00082.o)
 .text          0x0000000140002880        0x8 C:/msys64/msys64/mingw64/bin/../lib/gcc/x86_64-w64-mingw32/11.2.0/../../../../x86_64-w64-mingw32/lib/../lib/libmsvcrt.a(libmsvcrt_defs00083.o)
                0x0000000140002880                __iob_func
 .text          0x0000000140002888        0x8 C:/msys64/msys64/mingw64/bin/../lib/gcc/x86_64-w64-mingw32/11.2.0/../../../../x86_64-w64-mingw32/lib/../lib/libmsvcrt.a(libmsvcrt_defs00097.o)
                0x0000000140002888                __set_app_type
 .text          0x0000000140002890        0x8 C:/msys64/msys64/mingw64/bin/../lib/gcc/x86_64-w64-mingw32/11.2.0/../../../../x86_64-w64-mingw32/lib/../lib/libmsvcrt.a(libmsvcrt_defs00099.o)
                0x0000000140002890                __setusermatherr
 .text          0x0000000140002898        0x0 C:/msys64/msys64/mingw64/bin/../lib/gcc/x86_64-w64-mingw32/11.2.0/../../../../x86_64-w64-mingw32/lib/../lib/libmsvcrt.a(libmsvcrt_defs00116.o)
 .text          0x0000000140002898        0x8 C:/msys64/msys64/mingw64/bin/../lib/gcc/x86_64-w64-mingw32/11.2.0/../../../../x86_64-w64-mingw32/lib/../lib/libmsvcrt.a(libmsvcrt_defs00123.o)
                0x0000000140002898                _amsg_exit
 .text          0x00000001400028a0        0x8 C:/msys64/msys64/mingw64/bin/../lib/gcc/x86_64-w64-mingw32/11.2.0/../../../../x86_64-w64-mingw32/lib/../lib/libmsvcrt.a(libmsvcrt_defs00141.o)
                0x00000001400028a0                _cexit
 .text          0x00000001400028a8        0x0 C:/msys64/msys64/mingw64/bin/../lib/gcc/x86_64-w64-mingw32/11.2.0/../../../../x86_64-w64-mingw32/lib/../lib/libmsvcrt.a(libmsvcrt_defs00157.o)
 .text          0x00000001400028a8        0x0 C:/msys64/msys64/mingw64/bin/../lib/gcc/x86_64-w64-mingw32/11.2.0/../../../../x86_64-w64-mingw32/lib/../lib/libmsvcrt.a(libmsvcrt_defs00254.o)
 .text          0x00000001400028a8        0x8 C:/msys64/msys64/mingw64/bin/../lib/gcc/x86_64-w64-mingw32/11.2.0/../../../../x86_64-w64-mingw32/lib/../lib/libmsvcrt.a(libmsvcrt_defs00332.o)
                0x00000001400028a8                _initterm
 .text          0x00000001400028b0        0x8 C:/msys64/msys64/mingw64/bin/../lib/gcc/x86_64-w64-mingw32/11.2.0/../../../../x86_64-w64-mingw32/lib/../lib/libmsvcrt.a(libmsvcrt_defs00614.o)
                0x00000001400028b0                _onexit
 .text          0x00000001400028b8        0x8 C:/msys64/msys64/mingw64/bin/../lib/gcc/x86_64-w64-mingw32/11.2.0/../../../../x86_64-w64-mingw32/lib/../lib/libmsvcrt.a(libmsvcrt_defs01038.o)
                0x00000001400028b8                abort
 .text          0x00000001400028c0        0x8 C:/msys64/msys64/mingw64/bin/../lib/gcc/x86_64-w64-mingw32/11.2.0/../../../../x86_64-w64-mingw32/lib/../lib/libmsvcrt.a(libmsvcrt_defs01056.o)
                0x00000001400028c0                calloc
 .text          0x00000001400028c8        0x8 C:/msys64/msys64/mingw64/bin/../lib/gcc/x86_64-w64-mingw32/11.2.0/../../../../x86_64-w64-mingw32/lib/../lib/libmsvcrt.a(libmsvcrt_defs01069.o)
                0x00000001400028c8                exit
 .text          0x00000001400028d0        0x8 C:/msys64/msys64/mingw64/bin/../lib/gcc/x86_64-w64-mingw32/11.2.0/../../../../x86_64-w64-mingw32/lib/../lib/libmsvcrt.a(libmsvcrt_defs01090.o)
                0x00000001400028d0                fprintf
 .text          0x00000001400028d8        0x8 C:/msys64/msys64/mingw64/bin/../lib/gcc/x86_64-w64-mingw32/11.2.0/../../../../x86_64-w64-mingw32/lib/../lib/libmsvcrt.a(libmsvcrt_defs01097.o)
                0x00000001400028d8                free
 .text          0x00000001400028e0        0x8 C:/msys64/msys64/mingw64/bin/../lib/gcc/x86_64-w64-mingw32/11.2.0/../../../../x86_64-w64-mingw32/lib/../lib/libmsvcrt.a(libmsvcrt_defs01110.o)
                0x00000001400028e0                fwrite
 .text          0x00000001400028e8        0x8 C:/msys64/msys64/mingw64/bin/../lib/gcc/x86_64-w64-mingw32/11.2.0/../../../../x86_64-w64-mingw32/lib/../lib/libmsvcrt.a(libmsvcrt_defs01158.o)
                0x00000001400028e8                malloc
 .text          0x00000001400028f0        0x8 C:/msys64/msys64/mingw64/bin/../lib/gcc/x86_64-w64-mingw32/11.2.0/../../../../x86_64-w64-mingw32/lib/../lib/libmsvcrt.a(libmsvcrt_defs01166.o)
                0x00000001400028f0                memcpy
 .text          0x00000001400028f8        0x8 C:/msys64/msys64/mingw64/bin/../lib/gcc/x86_64-w64-mingw32/11.2.0/../../../../x86_64-w64-mingw32/lib/../lib/libmsvcrt.a(libmsvcrt_defs01198.o)
                0x00000001400028f8                signal
 .text          0x0000000140002900        0x8 C:/msys64/msys64/mingw64/bin/../lib/gcc/x86_64-w64-mingw32/11.2.0/../../../../x86_64-w64-mingw32/lib/../lib/libmsvcrt.a(libmsvcrt_defs01221.o)
                0x0000000140002900                strlen
 .text          0x0000000140002908        0x8 C:/msys64/msys64/mingw64/bin/../lib/gcc/x86_64-w64-mingw32/11.2.0/../../../../x86_64-w64-mingw32/lib/../lib/libmsvcrt.a(libmsvcrt_defs01224.o)
                0x0000000140002908                strncmp
 .text          0x0000000140002910        0x8 C:/msys64/msys64/mingw64/bin/../lib/gcc/x86_64-w64-mingw32/11.2.0/../../../../x86_64-w64-mingw32/lib/../lib/libmsvcrt.a(libmsvcrt_defs01259.o)
                0x0000000140002910                vfprintf
 *fill*         0x0000000140002918        0x8 
 .text          0x0000000140002920        0x0 C:/msys64/msys64/mingw64/bin/../lib/gcc/x86_64-w64-mingw32/11.2.0/../../../../x86_64-w64-mingw32/lib/../lib/libmsvcrt.a(libmsvcrt_defh.o)
 .text          0x0000000140002920        0x0 C:/msys64/msys64/mingw64/bin/../lib/gcc/x86_64-w64-mingw32/11.2.0/../../../../x86_64-w64-mingw32/lib/../lib/libmsvcrt.a(libmsvcrt_deft.o)
 .text          0x0000000140002920        0x8 C:/msys64/msys64/mingw64/bin/../lib/gcc/x86_64-w64-mingw32/11.2.0/../../../../x86_64-w64-mingw32/lib/../lib/libkernel32.a(libkernel32s01493.o)
                0x0000000140002920                VirtualQuery
 .text          0x0000000140002928        0x8 C:/msys64/msys64/mingw64/bin/../lib/gcc/x86_64-w64-mingw32/11.2.0/../../../../x86_64-w64-mingw32/lib/../lib/libkernel32.a(libkernel32s01491.o)
                0x0000000140002928                VirtualProtect
 .text          0x0000000140002930        0x8 C:/msys64/msys64/mingw64/bin/../lib/gcc/x86_64-w64-mingw32/11.2.0/../../../../x86_64-w64-mingw32/lib/../lib/libkernel32.a(libkernel32s01444.o)
                0x0000000140002930                TlsGetValue
 .text          0x0000000140002938        0x8 C:/msys64/msys64/mingw64/bin/../lib/gcc/x86_64-w64-mingw32/11.2.0/../../../../x86_64-w64-mingw32/lib/../lib/libkernel32.a(libkernel32s01409.o)
                0x0000000140002938                Sleep
 .text          0x0000000140002940        0x8 C:/msys64/msys64/mingw64/bin/../lib/gcc/x86_64-w64-mingw32/11.2.0/../../../../x86_64-w64-mingw32/lib/../lib/libkernel32.a(libkernel32s01393.o)
                0x0000000140002940                SetUnhandledExceptionFilter
 .text          0x0000000140002948        0x8 C:/msys64/msys64/mingw64/bin/../lib/gcc/x86_64-w64-mingw32/11.2.0/../../../../x86_64-w64-mingw32/lib/../lib/libkernel32.a(libkernel32s00983.o)
                0x0000000140002948                LeaveCriticalSection
 .text          0x0000000140002950        0x8 C:/msys64/msys64/mingw64/bin/../lib/gcc/x86_64-w64-mingw32/11.2.0/../../../../x86_64-w64-mingw32/lib/../lib/libkernel32.a(libkernel32s00891.o)
                0x0000000140002950                InitializeCriticalSection
 .text          0x0000000140002958        0x8 C:/msys64/msys64/mingw64/bin/../lib/gcc/x86_64-w64-mingw32/11.2.0/../../../../x86_64-w64-mingw32/lib/../lib/libkernel32.a(libkernel32s00742.o)
                0x0000000140002958                GetStartupInfoA
 .text          0x0000000140002960        0x8 C:/msys64/msys64/mingw64/bin/../lib/gcc/x86_64-w64-mingw32/11.2.0/../../../../x86_64-w64-mingw32/lib/../lib/libkernel32.a(libkernel32s00629.o)
                0x0000000140002960                GetLastError
 .text          0x0000000140002968        0x8 C:/msys64/msys64/mingw64/bin/../lib/gcc/x86_64-w64-mingw32/11.2.0/../../../../x86_64-w64-mingw32/lib/../lib/libkernel32.a(libkernel32s00318.o)
                0x0000000140002968                EnterCriticalSection
 .text          0x0000000140002970        0x8 C:/msys64/msys64/mingw64/bin/../lib/gcc/x86_64-w64-mingw32/11.2.0/../../../../x86_64-w64-mingw32/lib/../lib/libkernel32.a(libkernel32s00282.o)
                0x0000000140002970                DeleteCriticalSection
 *fill*         0x0000000140002978        0x8 
 .text          0x0000000140002980        0x0 C:/msys64/msys64/mingw64/bin/../lib/gcc/x86_64-w64-mingw32/11.2.0/../../../../x86_64-w64-mingw32/lib/../lib/libkernel32.a(libkernel32h.o)
 .text          0x0000000140002980        0x0 C:/msys64/msys64/mingw64/bin/../lib/gcc/x86_64-w64-mingw32/11.2.0/../../../../x86_64-w64-mingw32/lib/../lib/libkernel32.a(libkernel32t.o)
 .text          0x0000000140002980        0x0 C:/msys64/msys64/mingw64/bin/../lib/gcc/x86_64-w64-mingw32/11.2.0/crtend.o
 *(SORT_BY_NAME(.text$*))
 .text$_ZN3LEDI8ARM_GPIOEC1Ev
                0x0000000140002980       0x80 C:\Users\yomna\AppData\Local\Temp\cc4oDng7.o
                0x0000000140002980                LED<ARM_GPIO>::LED()
 .text$_ZN3LEDI8ARM_GPIOEC2Ev
                0x0000000140002a00       0x80 C:\Users\yomna\AppData\Local\Temp\cc4oDng7.o
                0x0000000140002a00                LED<ARM_GPIO>::LED()
 .text$_ZN3LEDI8ARM_GPIOED1Ev
                0x0000000140002a80       0x10 C:\Users\yomna\AppData\Local\Temp\cc4oDng7.o
                0x0000000140002a80                LED<ARM_GPIO>::~LED()
 .text$_ZN3LEDI8ARM_GPIOED2Ev
                0x0000000140002a90       0x10 C:\Users\yomna\AppData\Local\Temp\cc4oDng7.o
                0x0000000140002a90                LED<ARM_GPIO>::~LED()
 .text$_ZN3LEDI8AVR_GPIOEC1Ev
                0x0000000140002aa0       0x80 C:\Users\yomna\AppData\Local\Temp\cc4oDng7.o
                0x0000000140002aa0                LED<AVR_GPIO>::LED()
 .text$_ZN3LEDI8AVR_GPIOEC2Ev
                0x0000000140002b20       0x80 C:\Users\yomna\AppData\Local\Temp\cc4oDng7.o
                0x0000000140002b20                LED<AVR_GPIO>::LED()
 .text$_ZN3LEDI8AVR_GPIOED1Ev
                0x0000000140002ba0       0x10 C:\Users\yomna\AppData\Local\Temp\cc4oDng7.o
                0x0000000140002ba0                LED<AVR_GPIO>::~LED()
 .text$_ZN3LEDI8AVR_GPIOED2Ev
                0x0000000140002bb0       0x10 C:\Users\yomna\AppData\Local\Temp\cc4oDng7.o
                0x0000000140002bb0                LED<AVR_GPIO>::~LED()
 .text$_ZN4GPIOI8ARM_GPIOEC1Ev
                0x0000000140002bc0       0x70 C:\Users\yomna\AppData\Local\Temp\ccjQ46Gs.o
                0x0000000140002bc0                GPIO<ARM_GPIO>::GPIO()
 .text$_ZN4GPIOI8ARM_GPIOEC2Ev
                0x0000000140002c30       0x70 C:\Users\yomna\AppData\Local\Temp\ccjQ46Gs.o
                0x0000000140002c30                GPIO<ARM_GPIO>::GPIO()
 .text$_ZN4GPIOI8ARM_GPIOED1Ev
                0x0000000140002ca0       0x20 C:\Users\yomna\AppData\Local\Temp\ccjQ46Gs.o
                0x0000000140002ca0                GPIO<ARM_GPIO>::~GPIO()
 .text$_ZN4GPIOI8ARM_GPIOED2Ev
                0x0000000140002cc0       0x20 C:\Users\yomna\AppData\Local\Temp\ccjQ46Gs.o
                0x0000000140002cc0                GPIO<ARM_GPIO>::~GPIO()
 .text$_ZN4GPIOI8AVR_GPIOEC1Ev
                0x0000000140002ce0       0x70 C:\Users\yomna\AppData\Local\Temp\ccjQ46Gs.o
                0x0000000140002ce0                GPIO<AVR_GPIO>::GPIO()
 .text$_ZN4GPIOI8AVR_GPIOEC2Ev
                0x0000000140002d50       0x70 C:\Users\yomna\AppData\Local\Temp\ccjQ46Gs.o
                0x0000000140002d50                GPIO<AVR_GPIO>::GPIO()
 .text$_ZN4GPIOI8AVR_GPIOED1Ev
                0x0000000140002dc0       0x20 C:\Users\yomna\AppData\Local\Temp\ccjQ46Gs.o
                0x0000000140002dc0                GPIO<AVR_GPIO>::~GPIO()
 .text$_ZN4GPIOI8AVR_GPIOED2Ev
                0x0000000140002de0       0x20 C:\Users\yomna\AppData\Local\Temp\ccjQ46Gs.o
                0x0000000140002de0                GPIO<AVR_GPIO>::~GPIO()
 *(.text.*)
 .text.startup  0x0000000140002e00       0x10 C:/msys64/msys64/mingw64/bin/../lib/gcc/x86_64-w64-mingw32/11.2.0/crtend.o
 *(.gnu.linkonce.t.*)
 *(.glue_7t)
 *(.glue_7)
                0x0000000140002e10                . = ALIGN (0x8)
                0x0000000140002e10                ___CTOR_LIST__ = .
                0x0000000140002e10                __CTOR_LIST__ = .
                0x0000000140002e10        0x4 LONG 0xffffffffffffffff
                0x0000000140002e14        0x4 LONG 0xffffffffffffffff
 *(.ctors)
 .ctors         0x0000000140002e18        0x8 C:\Users\yomna\AppData\Local\Temp\ccjQ46Gs.o
 .ctors         0x0000000140002e20        0x8 C:\Users\yomna\AppData\Local\Temp\cc4oDng7.o
 *(.ctor)
 *(SORT_BY_NAME(.ctors.*))
 .ctors.65535   0x0000000140002e28        0x8 C:/msys64/msys64/mingw64/bin/../lib/gcc/x86_64-w64-mingw32/11.2.0/crtend.o
                0x0000000140002e30        0x4 LONG 0x0
                0x0000000140002e34        0x4 LONG 0x0
                0x0000000140002e38                ___DTOR_LIST__ = .
                0x0000000140002e38                __DTOR_LIST__ = .
                0x0000000140002e38        0x4 LONG 0xffffffffffffffff
                0x0000000140002e3c        0x4 LONG 0xffffffffffffffff
 *(.dtors)
 *(.dtor)
 *(SORT_BY_NAME(.dtors.*))
                0x0000000140002e40        0x4 LONG 0x0
                0x0000000140002e44        0x4 LONG 0x0
 *(SORT_NONE(.fini))
 *(.gcc_exc)
                [!provide]                        PROVIDE (etext = .)
 *(.gcc_except_table)

.data           0x0000000140003000      0x200
                0x0000000140003000                __data_start__ = .
 *(.data)
 .data          0x0000000140003000       0x10 C:/msys64/msys64/mingw64/bin/../lib/gcc/x86_64-w64-mingw32/11.2.0/../../../../x86_64-w64-mingw32/lib/../lib/crt2.o
                0x0000000140003000                __mingw_winmain_nShowCmd
 .data          0x0000000140003010        0x0 C:/msys64/msys64/mingw64/bin/../lib/gcc/x86_64-w64-mingw32/11.2.0/crtbegin.o
 .data          0x0000000140003010        0x0 C:\Users\yomna\AppData\Local\Temp\ccjQ46Gs.o
 .data          0x0000000140003010        0x0 C:\Users\yomna\AppData\Local\Temp\cc4oDng7.o
 .data          0x0000000140003010        0x0 C:\Users\yomna\AppData\Local\Temp\cc1jWlYN.o
 .data          0x0000000140003010       0x10 C:/msys64/msys64/mingw64/bin/../lib/gcc/x86_64-w64-mingw32/11.2.0/../../../../x86_64-w64-mingw32/lib/../lib/libmingw32.a(lib64_libmingw32_a-gccmain.o)
 .data          0x0000000140003020       0x10 C:/msys64/msys64/mingw64/bin/../lib/gcc/x86_64-w64-mingw32/11.2.0/../../../../x86_64-w64-mingw32/lib/../lib/libmingw32.a(lib64_libmingw32_a-natstart.o)
                0x0000000140003020                __native_vcclrit_reason
                0x0000000140003024                __native_dllmain_reason
 .data          0x0000000140003030       0x10 C:/msys64/msys64/mingw64/bin/../lib/gcc/x86_64-w64-mingw32/11.2.0/../../../../x86_64-w64-mingw32/lib/../lib/libmingw32.a(lib64_libmingw32_a-wildcard.o)
                0x0000000140003030                _dowildcard
 .data          0x0000000140003040        0x0 C:/msys64/msys64/mingw64/bin/../lib/gcc/x86_64-w64-mingw32/11.2.0/../../../../x86_64-w64-mingw32/lib/../lib/libmingw32.a(lib64_libmingw32_a-dllargv.o)
 .data          0x0000000140003040        0x0 C:/msys64/msys64/mingw64/bin/../lib/gcc/x86_64-w64-mingw32/11.2.0/../../../../x86_64-w64-mingw32/lib/../lib/libmingw32.a(lib64_libmingw32_a-_newmode.o)
 .data          0x0000000140003040        0x0 C:/msys64/msys64/mingw64/bin/../lib/gcc/x86_64-w64-mingw32/11.2.0/../../../../x86_64-w64-mingw32/lib/../lib/libmingw32.a(lib64_libmingw32_a-tlssup.o)
 .data          0x0000000140003040        0x0 C:/msys64/msys64/mingw64/bin/../lib/gcc/x86_64-w64-mingw32/11.2.0/../../../../x86_64-w64-mingw32/lib/../lib/libmingw32.a(lib64_libmingw32_a-xncommod.o)
 .data          0x0000000140003040        0x0 C:/msys64/msys64/mingw64/bin/../lib/gcc/x86_64-w64-mingw32/11.2.0/../../../../x86_64-w64-mingw32/lib/../lib/libmingw32.a(lib64_libmingw32_a-cinitexe.o)
 .data          0x0000000140003040        0x0 C:/msys64/msys64/mingw64/bin/../lib/gcc/x86_64-w64-mingw32/11.2.0/../../../../x86_64-w64-mingw32/lib/../lib/libmingw32.a(lib64_libmingw32_a-merr.o)
 .data          0x0000000140003040        0x0 C:/msys64/msys64/mingw64/bin/../lib/gcc/x86_64-w64-mingw32/11.2.0/../../../../x86_64-w64-mingw32/lib/../lib/libmingw32.a(lib64_libmingw32_a-CRT_fp10.o)
 .data          0x0000000140003040        0x0 C:/msys64/msys64/mingw64/bin/../lib/gcc/x86_64-w64-mingw32/11.2.0/../../../../x86_64-w64-mingw32/lib/../lib/libmingw32.a(lib64_libmingw32_a-mingw_helpers.o)
 .data          0x0000000140003040        0x0 C:/msys64/msys64/mingw64/bin/../lib/gcc/x86_64-w64-mingw32/11.2.0/../../../../x86_64-w64-mingw32/lib/../lib/libmingw32.a(lib64_libmingw32_a-pseudo-reloc.o)
 .data          0x0000000140003040        0x0 C:/msys64/msys64/mingw64/bin/../lib/gcc/x86_64-w64-mingw32/11.2.0/../../../../x86_64-w64-mingw32/lib/../lib/libmingw32.a(lib64_libmingw32_a-usermatherr.o)
 .data          0x0000000140003040        0x0 C:/msys64/msys64/mingw64/bin/../lib/gcc/x86_64-w64-mingw32/11.2.0/../../../../x86_64-w64-mingw32/lib/../lib/libmingw32.a(lib64_libmingw32_a-xtxtmode.o)
 .data          0x0000000140003040        0x0 C:/msys64/msys64/mingw64/bin/../lib/gcc/x86_64-w64-mingw32/11.2.0/../../../../x86_64-w64-mingw32/lib/../lib/libmingw32.a(lib64_libmingw32_a-crt_handler.o)
 .data          0x0000000140003040        0x0 C:/msys64/msys64/mingw64/bin/../lib/gcc/x86_64-w64-mingw32/11.2.0/../../../../x86_64-w64-mingw32/lib/../lib/libmingw32.a(lib64_libmingw32_a-tlsthrd.o)
 .data          0x0000000140003040       0x10 C:/msys64/msys64/mingw64/bin/../lib/gcc/x86_64-w64-mingw32/11.2.0/../../../../x86_64-w64-mingw32/lib/../lib/libmingw32.a(lib64_libmingw32_a-tlsmcrt.o)
                0x0000000140003040                _CRT_MT
 .data          0x0000000140003050        0x0 C:/msys64/msys64/mingw64/bin/../lib/gcc/x86_64-w64-mingw32/11.2.0/../../../../x86_64-w64-mingw32/lib/../lib/libmingw32.a(lib64_libmingw32_a-pseudo-reloc-list.o)
 .data          0x0000000140003050        0x0 C:/msys64/msys64/mingw64/bin/../lib/gcc/x86_64-w64-mingw32/11.2.0/../../../../x86_64-w64-mingw32/lib/../lib/libmingw32.a(lib64_libmingw32_a-pesect.o)
 .data          0x0000000140003050        0x0 C:/msys64/msys64/mingw64/bin/../lib/gcc/x86_64-w64-mingw32/11.2.0/libgcc.a(_chkstk_ms.o)
 .data          0x0000000140003050        0x0 C:/msys64/msys64/mingw64/bin/../lib/gcc/x86_64-w64-mingw32/11.2.0/libgcc.a(_ctors.o)
 .data          0x0000000140003050       0x10 C:/msys64/msys64/mingw64/bin/../lib/gcc/x86_64-w64-mingw32/11.2.0/../../../../x86_64-w64-mingw32/lib/../lib/libmingwex.a(lib64_libmingwex_a-mingw_matherr.o)
                0x0000000140003050                _MINGW_INSTALL_DEBUG_MATHERR
 .data          0x0000000140003060       0x10 C:/msys64/msys64/mingw64/bin/../lib/gcc/x86_64-w64-mingw32/11.2.0/../../../../x86_64-w64-mingw32/lib/../lib/libmsvcrt.a(lib64_libmsvcrt_extra_a-__p__fmode.o)
                0x0000000140003060                __imp___p__fmode
 .data          0x0000000140003070       0x10 C:/msys64/msys64/mingw64/bin/../lib/gcc/x86_64-w64-mingw32/11.2.0/../../../../x86_64-w64-mingw32/lib/../lib/libmsvcrt.a(lib64_libmsvcrt_extra_a-__p__commode.o)
                0x0000000140003070                __imp___p__commode
 .data          0x0000000140003080       0x10 C:/msys64/msys64/mingw64/bin/../lib/gcc/x86_64-w64-mingw32/11.2.0/../../../../x86_64-w64-mingw32/lib/../lib/libmsvcrt.a(lib64_libmsvcrt_extra_a-__p__acmdln.o)
                0x0000000140003080                __imp___p__acmdln
 .data          0x0000000140003090       0x10 C:/msys64/msys64/mingw64/bin/../lib/gcc/x86_64-w64-mingw32/11.2.0/../../../../x86_64-w64-mingw32/lib/../lib/libmsvcrt.a(lib64_libmsvcrt_extra_a-invalid_parameter_handler.o)
                0x0000000140003090                __imp__get_invalid_parameter_handler
                0x0000000140003098                __imp__set_invalid_parameter_handler
 .data          0x00000001400030a0       0x10 C:/msys64/msys64/mingw64/bin/../lib/gcc/x86_64-w64-mingw32/11.2.0/../../../../x86_64-w64-mingw32/lib/../lib/libmsvcrt.a(lib64_libmsvcrt_common_a-acrt_iob_func.o)
                0x00000001400030a0                __imp___acrt_iob_func
 .data          0x00000001400030b0        0x0 C:/msys64/msys64/mingw64/bin/../lib/gcc/x86_64-w64-mingw32/11.2.0/../../../../x86_64-w64-mingw32/lib/../lib/libmsvcrt.a(libmsvcrt_defs00055.o)
 .data          0x00000001400030b0        0x0 C:/msys64/msys64/mingw64/bin/../lib/gcc/x86_64-w64-mingw32/11.2.0/../../../../x86_64-w64-mingw32/lib/../lib/libmsvcrt.a(libmsvcrt_defs00081.o)
 .data          0x00000001400030b0        0x0 C:/msys64/msys64/mingw64/bin/../lib/gcc/x86_64-w64-mingw32/11.2.0/../../../../x86_64-w64-mingw32/lib/../lib/libmsvcrt.a(libmsvcrt_defs00082.o)
 .data          0x00000001400030b0        0x0 C:/msys64/msys64/mingw64/bin/../lib/gcc/x86_64-w64-mingw32/11.2.0/../../../../x86_64-w64-mingw32/lib/../lib/libmsvcrt.a(libmsvcrt_defs00083.o)
 .data          0x00000001400030b0        0x0 C:/msys64/msys64/mingw64/bin/../lib/gcc/x86_64-w64-mingw32/11.2.0/../../../../x86_64-w64-mingw32/lib/../lib/libmsvcrt.a(libmsvcrt_defs00097.o)
 .data          0x00000001400030b0        0x0 C:/msys64/msys64/mingw64/bin/../lib/gcc/x86_64-w64-mingw32/11.2.0/../../../../x86_64-w64-mingw32/lib/../lib/libmsvcrt.a(libmsvcrt_defs00099.o)
 .data          0x00000001400030b0        0x0 C:/msys64/msys64/mingw64/bin/../lib/gcc/x86_64-w64-mingw32/11.2.0/../../../../x86_64-w64-mingw32/lib/../lib/libmsvcrt.a(libmsvcrt_defs00116.o)
 .data          0x00000001400030b0        0x0 C:/msys64/msys64/mingw64/bin/../lib/gcc/x86_64-w64-mingw32/11.2.0/../../../../x86_64-w64-mingw32/lib/../lib/libmsvcrt.a(libmsvcrt_defs00123.o)
 .data          0x00000001400030b0        0x0 C:/msys64/msys64/mingw64/bin/../lib/gcc/x86_64-w64-mingw32/11.2.0/../../../../x86_64-w64-mingw32/lib/../lib/libmsvcrt.a(libmsvcrt_defs00141.o)
 .data          0x00000001400030b0        0x0 C:/msys64/msys64/mingw64/bin/../lib/gcc/x86_64-w64-mingw32/11.2.0/../../../../x86_64-w64-mingw32/lib/../lib/libmsvcrt.a(libmsvcrt_defs00157.o)
 .data          0x00000001400030b0        0x0 C:/msys64/msys64/mingw64/bin/../lib/gcc/x86_64-w64-mingw32/11.2.0/../../../../x86_64-w64-mingw32/lib/../lib/libmsvcrt.a(libmsvcrt_defs00254.o)
 .data          0x00000001400030b0        0x0 C:/msys64/msys64/mingw64/bin/../lib/gcc/x86_64-w64-mingw32/11.2.0/../../../../x86_64-w64-mingw32/lib/../lib/libmsvcrt.a(libmsvcrt_defs00332.o)
 .data          0x00000001400030b0        0x0 C:/msys64/msys64/mingw64/bin/../lib/gcc/x86_64-w64-mingw32/11.2.0/../../../../x86_64-w64-mingw32/lib/../lib/libmsvcrt.a(libmsvcrt_defs00614.o)
 .data          0x00000001400030b0        0x0 C:/msys64/msys64/mingw64/bin/../lib/gcc/x86_64-w64-mingw32/11.2.0/../../../../x86_64-w64-mingw32/lib/../lib/libmsvcrt.a(libmsvcrt_defs01038.o)
 .data          0x00000001400030b0        0x0 C:/msys64/msys64/mingw64/bin/../lib/gcc/x86_64-w64-mingw32/11.2.0/../../../../x86_64-w64-mingw32/lib/../lib/libmsvcrt.a(libmsvcrt_defs01056.o)
 .data          0x00000001400030b0        0x0 C:/msys64/msys64/mingw64/bin/../lib/gcc/x86_64-w64-mingw32/11.2.0/../../../../x86_64-w64-mingw32/lib/../lib/libmsvcrt.a(libmsvcrt_defs01069.o)
 .data          0x00000001400030b0        0x0 C:/msys64/msys64/mingw64/bin/../lib/gcc/x86_64-w64-mingw32/11.2.0/../../../../x86_64-w64-mingw32/lib/../lib/libmsvcrt.a(libmsvcrt_defs01090.o)
 .data          0x00000001400030b0        0x0 C:/msys64/msys64/mingw64/bin/../lib/gcc/x86_64-w64-mingw32/11.2.0/../../../../x86_64-w64-mingw32/lib/../lib/libmsvcrt.a(libmsvcrt_defs01097.o)
 .data          0x00000001400030b0        0x0 C:/msys64/msys64/mingw64/bin/../lib/gcc/x86_64-w64-mingw32/11.2.0/../../../../x86_64-w64-mingw32/lib/../lib/libmsvcrt.a(libmsvcrt_defs01110.o)
 .data          0x00000001400030b0        0x0 C:/msys64/msys64/mingw64/bin/../lib/gcc/x86_64-w64-mingw32/11.2.0/../../../../x86_64-w64-mingw32/lib/../lib/libmsvcrt.a(libmsvcrt_defs01158.o)
 .data          0x00000001400030b0        0x0 C:/msys64/msys64/mingw64/bin/../lib/gcc/x86_64-w64-mingw32/11.2.0/../../../../x86_64-w64-mingw32/lib/../lib/libmsvcrt.a(libmsvcrt_defs01166.o)
 .data          0x00000001400030b0        0x0 C:/msys64/msys64/mingw64/bin/../lib/gcc/x86_64-w64-mingw32/11.2.0/../../../../x86_64-w64-mingw32/lib/../lib/libmsvcrt.a(libmsvcrt_defs01198.o)
 .data          0x00000001400030b0        0x0 C:/msys64/msys64/mingw64/bin/../lib/gcc/x86_64-w64-mingw32/11.2.0/../../../../x86_64-w64-mingw32/lib/../lib/libmsvcrt.a(libmsvcrt_defs01221.o)
 .data          0x00000001400030b0        0x0 C:/msys64/msys64/mingw64/bin/../lib/gcc/x86_64-w64-mingw32/11.2.0/../../../../x86_64-w64-mingw32/lib/../lib/libmsvcrt.a(libmsvcrt_defs01224.o)
 .data          0x00000001400030b0        0x0 C:/msys64/msys64/mingw64/bin/../lib/gcc/x86_64-w64-mingw32/11.2.0/../../../../x86_64-w64-mingw32/lib/../lib/libmsvcrt.a(libmsvcrt_defs01259.o)
 .data          0x00000001400030b0        0x0 C:/msys64/msys64/mingw64/bin/../lib/gcc/x86_64-w64-mingw32/11.2.0/../../../../x86_64-w64-mingw32/lib/../lib/libmsvcrt.a(libmsvcrt_defh.o)
 .data          0x00000001400030b0        0x0 C:/msys64/msys64/mingw64/bin/../lib/gcc/x86_64-w64-mingw32/11.2.0/../../../../x86_64-w64-mingw32/lib/../lib/libmsvcrt.a(libmsvcrt_deft.o)
 .data          0x00000001400030b0        0x0 C:/msys64/msys64/mingw64/bin/../lib/gcc/x86_64-w64-mingw32/11.2.0/../../../../x86_64-w64-mingw32/lib/../lib/libkernel32.a(libkernel32s01493.o)
 .data          0x00000001400030b0        0x0 C:/msys64/msys64/mingw64/bin/../lib/gcc/x86_64-w64-mingw32/11.2.0/../../../../x86_64-w64-mingw32/lib/../lib/libkernel32.a(libkernel32s01491.o)
 .data          0x00000001400030b0        0x0 C:/msys64/msys64/mingw64/bin/../lib/gcc/x86_64-w64-mingw32/11.2.0/../../../../x86_64-w64-mingw32/lib/../lib/libkernel32.a(libkernel32s01444.o)
 .data          0x00000001400030b0        0x0 C:/msys64/msys64/mingw64/bin/../lib/gcc/x86_64-w64-mingw32/11.2.0/../../../../x86_64-w64-mingw32/lib/../lib/libkernel32.a(libkernel32s01409.o)
 .data          0x00000001400030b0        0x0 C:/msys64/msys64/mingw64/bin/../lib/gcc/x86_64-w64-mingw32/11.2.0/../../../../x86_64-w64-mingw32/lib/../lib/libkernel32.a(libkernel32s01393.o)
 .data          0x00000001400030b0        0x0 C:/msys64/msys64/mingw64/bin/../lib/gcc/x86_64-w64-mingw32/11.2.0/../../../../x86_64-w64-mingw32/lib/../lib/libkernel32.a(libkernel32s00983.o)
 .data          0x00000001400030b0        0x0 C:/msys64/msys64/mingw64/bin/../lib/gcc/x86_64-w64-mingw32/11.2.0/../../../../x86_64-w64-mingw32/lib/../lib/libkernel32.a(libkernel32s00891.o)
 .data          0x00000001400030b0        0x0 C:/msys64/msys64/mingw64/bin/../lib/gcc/x86_64-w64-mingw32/11.2.0/../../../../x86_64-w64-mingw32/lib/../lib/libkernel32.a(libkernel32s00742.o)
 .data          0x00000001400030b0        0x0 C:/msys64/msys64/mingw64/bin/../lib/gcc/x86_64-w64-mingw32/11.2.0/../../../../x86_64-w64-mingw32/lib/../lib/libkernel32.a(libkernel32s00629.o)
 .data          0x00000001400030b0        0x0 C:/msys64/msys64/mingw64/bin/../lib/gcc/x86_64-w64-mingw32/11.2.0/../../../../x86_64-w64-mingw32/lib/../lib/libkernel32.a(libkernel32s00318.o)
 .data          0x00000001400030b0        0x0 C:/msys64/msys64/mingw64/bin/../lib/gcc/x86_64-w64-mingw32/11.2.0/../../../../x86_64-w64-mingw32/lib/../lib/libkernel32.a(libkernel32s00282.o)
 .data          0x00000001400030b0        0x0 C:/msys64/msys64/mingw64/bin/../lib/gcc/x86_64-w64-mingw32/11.2.0/../../../../x86_64-w64-mingw32/lib/../lib/libkernel32.a(libkernel32h.o)
 .data          0x00000001400030b0        0x0 C:/msys64/msys64/mingw64/bin/../lib/gcc/x86_64-w64-mingw32/11.2.0/../../../../x86_64-w64-mingw32/lib/../lib/libkernel32.a(libkernel32t.o)
 .data          0x00000001400030b0        0x0 C:/msys64/msys64/mingw64/bin/../lib/gcc/x86_64-w64-mingw32/11.2.0/crtend.o
 *(.data2)
 *(SORT_BY_NAME(.data$*))
 *(.jcr)
                0x00000001400030b0                __data_end__ = .
 *(.data_cygwin_nocopy)

.rdata          0x0000000140004000      0xc00
 *(.rdata)
 .rdata         0x0000000140004000       0x20 C:\Users\yomna\AppData\Local\Temp\ccjQ46Gs.o
 .rdata         0x0000000140004020       0x10 C:\Users\yomna\AppData\Local\Temp\cc4oDng7.o
 *fill*         0x0000000140004030       0x10 
 .rdata         0x0000000140004040       0x60 C:/msys64/msys64/mingw64/bin/../lib/gcc/x86_64-w64-mingw32/11.2.0/../../../../x86_64-w64-mingw32/lib/../lib/libmingw32.a(lib64_libmingw32_a-tlssup.o)
                0x0000000140004040                __dyn_tls_init_callback
                0x0000000140004060                _tls_used
 .rdata         0x00000001400040a0      0x140 C:/msys64/msys64/mingw64/bin/../lib/gcc/x86_64-w64-mingw32/11.2.0/../../../../x86_64-w64-mingw32/lib/../lib/libmingw32.a(lib64_libmingw32_a-merr.o)
 .rdata         0x00000001400041e0      0x160 C:/msys64/msys64/mingw64/bin/../lib/gcc/x86_64-w64-mingw32/11.2.0/../../../../x86_64-w64-mingw32/lib/../lib/libmingw32.a(lib64_libmingw32_a-pseudo-reloc.o)
 .rdata         0x0000000140004340       0x30 C:/msys64/msys64/mingw64/bin/../lib/gcc/x86_64-w64-mingw32/11.2.0/../../../../x86_64-w64-mingw32/lib/../lib/libmingw32.a(lib64_libmingw32_a-crt_handler.o)
 .rdata         0x0000000140004370        0x8 ertr000001.o
 *(SORT_BY_NAME(.rdata$*))
 *fill*         0x0000000140004378        0x8 
 .rdata$.refptr._CRT_MT
                0x0000000140004380       0x10 C:/msys64/msys64/mingw64/bin/../lib/gcc/x86_64-w64-mingw32/11.2.0/../../../../x86_64-w64-mingw32/lib/../lib/libmingw32.a(lib64_libmingw32_a-tlssup.o)
                0x0000000140004380                .refptr._CRT_MT
 .rdata$.refptr._MINGW_INSTALL_DEBUG_MATHERR
                0x0000000140004390       0x10 C:/msys64/msys64/mingw64/bin/../lib/gcc/x86_64-w64-mingw32/11.2.0/../../../../x86_64-w64-mingw32/lib/../lib/crt2.o
                0x0000000140004390                .refptr._MINGW_INSTALL_DEBUG_MATHERR
 .rdata$.refptr._ZSt4cout
                0x00000001400043a0       0x10 C:\Users\yomna\AppData\Local\Temp\ccjQ46Gs.o
                0x00000001400043a0                __fu0__ZSt4cout
                0x00000001400043a0                .refptr._ZSt4cout
 .rdata$.refptr._ZSt4endlIcSt11char_traitsIcEERSt13basic_ostreamIT_T0_ES6_
                0x00000001400043b0       0x10 C:\Users\yomna\AppData\Local\Temp\ccjQ46Gs.o
                0x00000001400043b0                .refptr._ZSt4endlIcSt11char_traitsIcEERSt13basic_ostreamIT_T0_ES6_
 .rdata$.refptr.__CTOR_LIST__
                0x00000001400043c0       0x10 C:/msys64/msys64/mingw64/bin/../lib/gcc/x86_64-w64-mingw32/11.2.0/../../../../x86_64-w64-mingw32/lib/../lib/libmingw32.a(lib64_libmingw32_a-gccmain.o)
                0x00000001400043c0                .refptr.__CTOR_LIST__
 .rdata$.refptr.__RUNTIME_PSEUDO_RELOC_LIST_END__
                0x00000001400043d0       0x10 C:/msys64/msys64/mingw64/bin/../lib/gcc/x86_64-w64-mingw32/11.2.0/../../../../x86_64-w64-mingw32/lib/../lib/libmingw32.a(lib64_libmingw32_a-pseudo-reloc.o)
                0x00000001400043d0                .refptr.__RUNTIME_PSEUDO_RELOC_LIST_END__
 .rdata$.refptr.__RUNTIME_PSEUDO_RELOC_LIST__
                0x00000001400043e0       0x10 C:/msys64/msys64/mingw64/bin/../lib/gcc/x86_64-w64-mingw32/11.2.0/../../../../x86_64-w64-mingw32/lib/../lib/libmingw32.a(lib64_libmingw32_a-pseudo-reloc.o)
                0x00000001400043e0                .refptr.__RUNTIME_PSEUDO_RELOC_LIST__
 .rdata$.refptr.__dyn_tls_init_callback
                0x00000001400043f0       0x10 C:/msys64/msys64/mingw64/bin/../lib/gcc/x86_64-w64-mingw32/11.2.0/../../../../x86_64-w64-mingw32/lib/../lib/crt2.o
                0x00000001400043f0                .refptr.__dyn_tls_init_callback
 .rdata$.refptr.__image_base__
                0x0000000140004400       0x10 C:/msys64/msys64/mingw64/bin/../lib/gcc/x86_64-w64-mingw32/11.2.0/../../../../x86_64-w64-mingw32/lib/../lib/crt2.o
                0x0000000140004400                .refptr.__image_base__
 .rdata$.refptr.__imp___initenv
                0x0000000140004410       0x10 C:/msys64/msys64/mingw64/bin/../lib/gcc/x86_64-w64-mingw32/11.2.0/../../../../x86_64-w64-mingw32/lib/../lib/crt2.o
                0x0000000140004410                .refptr.__imp___initenv
 .rdata$.refptr.__imp__acmdln
                0x0000000140004420       0x10 C:/msys64/msys64/mingw64/bin/../lib/gcc/x86_64-w64-mingw32/11.2.0/../../../../x86_64-w64-mingw32/lib/../lib/libmsvcrt.a(lib64_libmsvcrt_extra_a-__p__acmdln.o)
                0x0000000140004420                .refptr.__imp__acmdln
 .rdata$.refptr.__imp__commode
                0x0000000140004430       0x10 C:/msys64/msys64/mingw64/bin/../lib/gcc/x86_64-w64-mingw32/11.2.0/../../../../x86_64-w64-mingw32/lib/../lib/libmsvcrt.a(lib64_libmsvcrt_extra_a-__p__commode.o)
                0x0000000140004430                .refptr.__imp__commode
 .rdata$.refptr.__imp__fmode
                0x0000000140004440       0x10 C:/msys64/msys64/mingw64/bin/../lib/gcc/x86_64-w64-mingw32/11.2.0/../../../../x86_64-w64-mingw32/lib/../lib/libmsvcrt.a(lib64_libmsvcrt_extra_a-__p__fmode.o)
                0x0000000140004440                .refptr.__imp__fmode
 .rdata$.refptr.__mingw_app_type
                0x0000000140004450       0x10 C:/msys64/msys64/mingw64/bin/../lib/gcc/x86_64-w64-mingw32/11.2.0/../../../../x86_64-w64-mingw32/lib/../lib/crt2.o
                0x0000000140004450                .refptr.__mingw_app_type
 .rdata$.refptr.__mingw_initltsdrot_force
                0x0000000140004460       0x10 C:/msys64/msys64/mingw64/bin/../lib/gcc/x86_64-w64-mingw32/11.2.0/../../../../x86_64-w64-mingw32/lib/../lib/crt2.o
                0x0000000140004460                .refptr.__mingw_initltsdrot_force
 .rdata$.refptr.__mingw_initltsdyn_force
                0x0000000140004470       0x10 C:/msys64/msys64/mingw64/bin/../lib/gcc/x86_64-w64-mingw32/11.2.0/../../../../x86_64-w64-mingw32/lib/../lib/crt2.o
                0x0000000140004470                .refptr.__mingw_initltsdyn_force
 .rdata$.refptr.__mingw_initltssuo_force
                0x0000000140004480       0x10 C:/msys64/msys64/mingw64/bin/../lib/gcc/x86_64-w64-mingw32/11.2.0/../../../../x86_64-w64-mingw32/lib/../lib/crt2.o
                0x0000000140004480                .refptr.__mingw_initltssuo_force
 .rdata$.refptr.__mingw_oldexcpt_handler
                0x0000000140004490       0x10 C:/msys64/msys64/mingw64/bin/../lib/gcc/x86_64-w64-mingw32/11.2.0/../../../../x86_64-w64-mingw32/lib/../lib/crt2.o
                0x0000000140004490                .refptr.__mingw_oldexcpt_handler
 .rdata$.refptr.__native_startup_lock
                0x00000001400044a0       0x10 C:/msys64/msys64/mingw64/bin/../lib/gcc/x86_64-w64-mingw32/11.2.0/../../../../x86_64-w64-mingw32/lib/../lib/crt2.o
                0x00000001400044a0                .refptr.__native_startup_lock
 .rdata$.refptr.__native_startup_state
                0x00000001400044b0       0x10 C:/msys64/msys64/mingw64/bin/../lib/gcc/x86_64-w64-mingw32/11.2.0/../../../../x86_64-w64-mingw32/lib/../lib/crt2.o
                0x00000001400044b0                .refptr.__native_startup_state
 .rdata$.refptr.__xc_a
                0x00000001400044c0       0x10 C:/msys64/msys64/mingw64/bin/../lib/gcc/x86_64-w64-mingw32/11.2.0/../../../../x86_64-w64-mingw32/lib/../lib/crt2.o
                0x00000001400044c0                .refptr.__xc_a
 .rdata$.refptr.__xc_z
                0x00000001400044d0       0x10 C:/msys64/msys64/mingw64/bin/../lib/gcc/x86_64-w64-mingw32/11.2.0/../../../../x86_64-w64-mingw32/lib/../lib/crt2.o
                0x00000001400044d0                .refptr.__xc_z
 .rdata$.refptr.__xi_a
                0x00000001400044e0       0x10 C:/msys64/msys64/mingw64/bin/../lib/gcc/x86_64-w64-mingw32/11.2.0/../../../../x86_64-w64-mingw32/lib/../lib/crt2.o
                0x00000001400044e0                .refptr.__xi_a
 .rdata$.refptr.__xi_z
                0x00000001400044f0       0x10 C:/msys64/msys64/mingw64/bin/../lib/gcc/x86_64-w64-mingw32/11.2.0/../../../../x86_64-w64-mingw32/lib/../lib/crt2.o
                0x00000001400044f0                .refptr.__xi_z
 .rdata$.refptr._commode
                0x0000000140004500       0x10 C:/msys64/msys64/mingw64/bin/../lib/gcc/x86_64-w64-mingw32/11.2.0/../../../../x86_64-w64-mingw32/lib/../lib/crt2.o
                0x0000000140004500                .refptr._commode
 .rdata$.refptr._dowildcard
                0x0000000140004510       0x10 C:/msys64/msys64/mingw64/bin/../lib/gcc/x86_64-w64-mingw32/11.2.0/../../../../x86_64-w64-mingw32/lib/../lib/crt2.o
                0x0000000140004510                .refptr._dowildcard
 .rdata$.refptr._fmode
                0x0000000140004520       0x10 C:/msys64/msys64/mingw64/bin/../lib/gcc/x86_64-w64-mingw32/11.2.0/../../../../x86_64-w64-mingw32/lib/../lib/crt2.o
                0x0000000140004520                .refptr._fmode
 .rdata$.refptr._gnu_exception_handler
                0x0000000140004530       0x10 C:/msys64/msys64/mingw64/bin/../lib/gcc/x86_64-w64-mingw32/11.2.0/../../../../x86_64-w64-mingw32/lib/../lib/crt2.o
                0x0000000140004530                .refptr._gnu_exception_handler
 .rdata$.refptr._matherr
                0x0000000140004540       0x10 C:/msys64/msys64/mingw64/bin/../lib/gcc/x86_64-w64-mingw32/11.2.0/../../../../x86_64-w64-mingw32/lib/../lib/crt2.o
                0x0000000140004540                .refptr._matherr
 .rdata$.refptr._newmode
                0x0000000140004550       0x10 C:/msys64/msys64/mingw64/bin/../lib/gcc/x86_64-w64-mingw32/11.2.0/../../../../x86_64-w64-mingw32/lib/../lib/crt2.o
                0x0000000140004550                .refptr._newmode
 .rdata$zzz     0x0000000140004560       0x30 C:/msys64/msys64/mingw64/bin/../lib/gcc/x86_64-w64-mingw32/11.2.0/../../../../x86_64-w64-mingw32/lib/../lib/crt2.o
 .rdata$zzz     0x0000000140004590       0x30 C:/msys64/msys64/mingw64/bin/../lib/gcc/x86_64-w64-mingw32/11.2.0/crtbegin.o
 .rdata$zzz     0x00000001400045c0       0x30 C:\Users\yomna\AppData\Local\Temp\ccjQ46Gs.o
 .rdata$zzz     0x00000001400045f0       0x30 C:\Users\yomna\AppData\Local\Temp\cc4oDng7.o
 .rdata$zzz     0x0000000140004620       0x30 C:\Users\yomna\AppData\Local\Temp\cc1jWlYN.o
 .rdata$zzz     0x0000000140004650       0x30 C:/msys64/msys64/mingw64/bin/../lib/gcc/x86_64-w64-mingw32/11.2.0/../../../../x86_64-w64-mingw32/lib/../lib/libmingw32.a(lib64_libmingw32_a-gccmain.o)
 .rdata$zzz     0x0000000140004680       0x30 C:/msys64/msys64/mingw64/bin/../lib/gcc/x86_64-w64-mingw32/11.2.0/../../../../x86_64-w64-mingw32/lib/../lib/libmingw32.a(lib64_libmingw32_a-natstart.o)
 .rdata$zzz     0x00000001400046b0       0x30 C:/msys64/msys64/mingw64/bin/../lib/gcc/x86_64-w64-mingw32/11.2.0/../../../../x86_64-w64-mingw32/lib/../lib/libmingw32.a(lib64_libmingw32_a-wildcard.o)
 .rdata$zzz     0x00000001400046e0       0x30 C:/msys64/msys64/mingw64/bin/../lib/gcc/x86_64-w64-mingw32/11.2.0/../../../../x86_64-w64-mingw32/lib/../lib/libmingw32.a(lib64_libmingw32_a-dllargv.o)
 .rdata$zzz     0x0000000140004710       0x30 C:/msys64/msys64/mingw64/bin/../lib/gcc/x86_64-w64-mingw32/11.2.0/../../../../x86_64-w64-mingw32/lib/../lib/libmingw32.a(lib64_libmingw32_a-_newmode.o)
 .rdata$zzz     0x0000000140004740       0x30 C:/msys64/msys64/mingw64/bin/../lib/gcc/x86_64-w64-mingw32/11.2.0/../../../../x86_64-w64-mingw32/lib/../lib/libmingw32.a(lib64_libmingw32_a-tlssup.o)
 .rdata$zzz     0x0000000140004770       0x30 C:/msys64/msys64/mingw64/bin/../lib/gcc/x86_64-w64-mingw32/11.2.0/../../../../x86_64-w64-mingw32/lib/../lib/libmingw32.a(lib64_libmingw32_a-xncommod.o)
 .rdata$zzz     0x00000001400047a0       0x30 C:/msys64/msys64/mingw64/bin/../lib/gcc/x86_64-w64-mingw32/11.2.0/../../../../x86_64-w64-mingw32/lib/../lib/libmingw32.a(lib64_libmingw32_a-cinitexe.o)
 .rdata$zzz     0x00000001400047d0       0x30 C:/msys64/msys64/mingw64/bin/../lib/gcc/x86_64-w64-mingw32/11.2.0/../../../../x86_64-w64-mingw32/lib/../lib/libmingw32.a(lib64_libmingw32_a-merr.o)
 .rdata$zzz     0x0000000140004800       0x30 C:/msys64/msys64/mingw64/bin/../lib/gcc/x86_64-w64-mingw32/11.2.0/../../../../x86_64-w64-mingw32/lib/../lib/libmingw32.a(lib64_libmingw32_a-CRT_fp10.o)
 .rdata$zzz     0x0000000140004830       0x30 C:/msys64/msys64/mingw64/bin/../lib/gcc/x86_64-w64-mingw32/11.2.0/../../../../x86_64-w64-mingw32/lib/../lib/libmingw32.a(lib64_libmingw32_a-mingw_helpers.o)
 .rdata$zzz     0x0000000140004860       0x30 C:/msys64/msys64/mingw64/bin/../lib/gcc/x86_64-w64-mingw32/11.2.0/../../../../x86_64-w64-mingw32/lib/../lib/libmingw32.a(lib64_libmingw32_a-pseudo-reloc.o)
 .rdata$zzz     0x0000000140004890       0x30 C:/msys64/msys64/mingw64/bin/../lib/gcc/x86_64-w64-mingw32/11.2.0/../../../../x86_64-w64-mingw32/lib/../lib/libmingw32.a(lib64_libmingw32_a-usermatherr.o)
 .rdata$zzz     0x00000001400048c0       0x30 C:/msys64/msys64/mingw64/bin/../lib/gcc/x86_64-w64-mingw32/11.2.0/../../../../x86_64-w64-mingw32/lib/../lib/libmingw32.a(lib64_libmingw32_a-xtxtmode.o)
 .rdata$zzz     0x00000001400048f0       0x30 C:/msys64/msys64/mingw64/bin/../lib/gcc/x86_64-w64-mingw32/11.2.0/../../../../x86_64-w64-mingw32/lib/../lib/libmingw32.a(lib64_libmingw32_a-crt_handler.o)
 .rdata$zzz     0x0000000140004920       0x30 C:/msys64/msys64/mingw64/bin/../lib/gcc/x86_64-w64-mingw32/11.2.0/../../../../x86_64-w64-mingw32/lib/../lib/libmingw32.a(lib64_libmingw32_a-tlsthrd.o)
 .rdata$zzz     0x0000000140004950       0x30 C:/msys64/msys64/mingw64/bin/../lib/gcc/x86_64-w64-mingw32/11.2.0/../../../../x86_64-w64-mingw32/lib/../lib/libmingw32.a(lib64_libmingw32_a-tlsmcrt.o)
 .rdata$zzz     0x0000000140004980       0x30 C:/msys64/msys64/mingw64/bin/../lib/gcc/x86_64-w64-mingw32/11.2.0/../../../../x86_64-w64-mingw32/lib/../lib/libmingw32.a(lib64_libmingw32_a-pseudo-reloc-list.o)
 .rdata$zzz     0x00000001400049b0       0x30 C:/msys64/msys64/mingw64/bin/../lib/gcc/x86_64-w64-mingw32/11.2.0/../../../../x86_64-w64-mingw32/lib/../lib/libmingw32.a(lib64_libmingw32_a-pesect.o)
 .rdata$zzz     0x00000001400049e0       0x30 C:/msys64/msys64/mingw64/bin/../lib/gcc/x86_64-w64-mingw32/11.2.0/libgcc.a(_ctors.o)
 .rdata$zzz     0x0000000140004a10       0x30 C:/msys64/msys64/mingw64/bin/../lib/gcc/x86_64-w64-mingw32/11.2.0/../../../../x86_64-w64-mingw32/lib/../lib/libmingwex.a(lib64_libmingwex_a-mingw_matherr.o)
 .rdata$zzz     0x0000000140004a40       0x30 C:/msys64/msys64/mingw64/bin/../lib/gcc/x86_64-w64-mingw32/11.2.0/../../../../x86_64-w64-mingw32/lib/../lib/libmsvcrt.a(lib64_libmsvcrt_extra_a-__p__fmode.o)
 .rdata$zzz     0x0000000140004a70       0x30 C:/msys64/msys64/mingw64/bin/../lib/gcc/x86_64-w64-mingw32/11.2.0/../../../../x86_64-w64-mingw32/lib/../lib/libmsvcrt.a(lib64_libmsvcrt_extra_a-__p__commode.o)
 .rdata$zzz     0x0000000140004aa0       0x30 C:/msys64/msys64/mingw64/bin/../lib/gcc/x86_64-w64-mingw32/11.2.0/../../../../x86_64-w64-mingw32/lib/../lib/libmsvcrt.a(lib64_libmsvcrt_extra_a-__p__acmdln.o)
 .rdata$zzz     0x0000000140004ad0       0x30 C:/msys64/msys64/mingw64/bin/../lib/gcc/x86_64-w64-mingw32/11.2.0/../../../../x86_64-w64-mingw32/lib/../lib/libmsvcrt.a(lib64_libmsvcrt_extra_a-invalid_parameter_handler.o)
 .rdata$zzz     0x0000000140004b00       0x30 C:/msys64/msys64/mingw64/bin/../lib/gcc/x86_64-w64-mingw32/11.2.0/../../../../x86_64-w64-mingw32/lib/../lib/libmsvcrt.a(lib64_libmsvcrt_common_a-acrt_iob_func.o)
 .rdata$zzz     0x0000000140004b30       0x30 C:/msys64/msys64/mingw64/bin/../lib/gcc/x86_64-w64-mingw32/11.2.0/crtend.o
                0x0000000140004b60                . = ALIGN (0x4)
                0x0000000140004b60                __rt_psrelocs_start = .
 *(.rdata_runtime_pseudo_reloc)
 .rdata_runtime_pseudo_reloc
                0x0000000140004b60       0x18 rtr000000.o
                0x0000000140004b78                __rt_psrelocs_end = .
                0x0000000000000018                __rt_psrelocs_size = (__rt_psrelocs_end - __rt_psrelocs_start)
                0x0000000140004b78                ___RUNTIME_PSEUDO_RELOC_LIST_END__ = .
                0x0000000140004b78                __RUNTIME_PSEUDO_RELOC_LIST_END__ = .
                0x0000000140004b60                ___RUNTIME_PSEUDO_RELOC_LIST__ = (. - __rt_psrelocs_size)
                0x0000000140004b60                __RUNTIME_PSEUDO_RELOC_LIST__ = (. - __rt_psrelocs_size)

.eh_frame
 *(.eh_frame*)

.pdata          0x0000000140005000      0x400
 *(.pdata*)
 .pdata         0x0000000140005000       0x54 C:/msys64/msys64/mingw64/bin/../lib/gcc/x86_64-w64-mingw32/11.2.0/../../../../x86_64-w64-mingw32/lib/../lib/crt2.o
 .pdata         0x0000000140005054       0x18 C:/msys64/msys64/mingw64/bin/../lib/gcc/x86_64-w64-mingw32/11.2.0/crtbegin.o
 .pdata         0x000000014000506c       0x54 C:\Users\yomna\AppData\Local\Temp\ccjQ46Gs.o
 .pdata$_ZN4GPIOI8ARM_GPIOEC2Ev
                0x00000001400050c0        0xc C:\Users\yomna\AppData\Local\Temp\ccjQ46Gs.o
 .pdata$_ZN4GPIOI8ARM_GPIOEC1Ev
                0x00000001400050cc        0xc C:\Users\yomna\AppData\Local\Temp\ccjQ46Gs.o
 .pdata$_ZN4GPIOI8ARM_GPIOED2Ev
                0x00000001400050d8        0xc C:\Users\yomna\AppData\Local\Temp\ccjQ46Gs.o
 .pdata$_ZN4GPIOI8ARM_GPIOED1Ev
                0x00000001400050e4        0xc C:\Users\yomna\AppData\Local\Temp\ccjQ46Gs.o
 .pdata$_ZN4GPIOI8AVR_GPIOEC2Ev
                0x00000001400050f0        0xc C:\Users\yomna\AppData\Local\Temp\ccjQ46Gs.o
 .pdata$_ZN4GPIOI8AVR_GPIOEC1Ev
                0x00000001400050fc        0xc C:\Users\yomna\AppData\Local\Temp\ccjQ46Gs.o
 .pdata$_ZN4GPIOI8AVR_GPIOED2Ev
                0x0000000140005108        0xc C:\Users\yomna\AppData\Local\Temp\ccjQ46Gs.o
 .pdata$_ZN4GPIOI8AVR_GPIOED1Ev
                0x0000000140005114        0xc C:\Users\yomna\AppData\Local\Temp\ccjQ46Gs.o
 .pdata$_ZN3LEDI8ARM_GPIOEC2Ev
                0x0000000140005120        0xc C:\Users\yomna\AppData\Local\Temp\cc4oDng7.o
 .pdata$_ZN3LEDI8ARM_GPIOEC1Ev
                0x000000014000512c        0xc C:\Users\yomna\AppData\Local\Temp\cc4oDng7.o
 .pdata$_ZN3LEDI8ARM_GPIOED2Ev
                0x0000000140005138        0xc C:\Users\yomna\AppData\Local\Temp\cc4oDng7.o
 .pdata$_ZN3LEDI8ARM_GPIOED1Ev
                0x0000000140005144        0xc C:\Users\yomna\AppData\Local\Temp\cc4oDng7.o
 .pdata$_ZN3LEDI8AVR_GPIOEC2Ev
                0x0000000140005150        0xc C:\Users\yomna\AppData\Local\Temp\cc4oDng7.o
 .pdata$_ZN3LEDI8AVR_GPIOEC1Ev
                0x000000014000515c        0xc C:\Users\yomna\AppData\Local\Temp\cc4oDng7.o
 .pdata$_ZN3LEDI8AVR_GPIOED2Ev
                0x0000000140005168        0xc C:\Users\yomna\AppData\Local\Temp\cc4oDng7.o
 .pdata$_ZN3LEDI8AVR_GPIOED1Ev
                0x0000000140005174        0xc C:\Users\yomna\AppData\Local\Temp\cc4oDng7.o
 .pdata         0x0000000140005180       0x24 C:\Users\yomna\AppData\Local\Temp\cc4oDng7.o
 .pdata         0x00000001400051a4        0xc C:\Users\yomna\AppData\Local\Temp\cc1jWlYN.o
 .pdata         0x00000001400051b0       0x24 C:/msys64/msys64/mingw64/bin/../lib/gcc/x86_64-w64-mingw32/11.2.0/../../../../x86_64-w64-mingw32/lib/../lib/libmingw32.a(lib64_libmingw32_a-gccmain.o)
 .pdata         0x00000001400051d4        0xc C:/msys64/msys64/mingw64/bin/../lib/gcc/x86_64-w64-mingw32/11.2.0/../../../../x86_64-w64-mingw32/lib/../lib/libmingw32.a(lib64_libmingw32_a-dllargv.o)
 .pdata         0x00000001400051e0       0x24 C:/msys64/msys64/mingw64/bin/../lib/gcc/x86_64-w64-mingw32/11.2.0/../../../../x86_64-w64-mingw32/lib/../lib/libmingw32.a(lib64_libmingw32_a-tlssup.o)
 .pdata         0x0000000140005204        0xc C:/msys64/msys64/mingw64/bin/../lib/gcc/x86_64-w64-mingw32/11.2.0/../../../../x86_64-w64-mingw32/lib/../lib/libmingw32.a(lib64_libmingw32_a-merr.o)
 .pdata         0x0000000140005210        0xc C:/msys64/msys64/mingw64/bin/../lib/gcc/x86_64-w64-mingw32/11.2.0/../../../../x86_64-w64-mingw32/lib/../lib/libmingw32.a(lib64_libmingw32_a-CRT_fp10.o)
 .pdata         0x000000014000521c       0x24 C:/msys64/msys64/mingw64/bin/../lib/gcc/x86_64-w64-mingw32/11.2.0/../../../../x86_64-w64-mingw32/lib/../lib/libmingw32.a(lib64_libmingw32_a-pseudo-reloc.o)
 .pdata         0x0000000140005240       0x18 C:/msys64/msys64/mingw64/bin/../lib/gcc/x86_64-w64-mingw32/11.2.0/../../../../x86_64-w64-mingw32/lib/../lib/libmingw32.a(lib64_libmingw32_a-usermatherr.o)
 .pdata         0x0000000140005258        0xc C:/msys64/msys64/mingw64/bin/../lib/gcc/x86_64-w64-mingw32/11.2.0/../../../../x86_64-w64-mingw32/lib/../lib/libmingw32.a(lib64_libmingw32_a-crt_handler.o)
 .pdata         0x0000000140005264       0x30 C:/msys64/msys64/mingw64/bin/../lib/gcc/x86_64-w64-mingw32/11.2.0/../../../../x86_64-w64-mingw32/lib/../lib/libmingw32.a(lib64_libmingw32_a-tlsthrd.o)
 .pdata         0x0000000140005294       0x6c C:/msys64/msys64/mingw64/bin/../lib/gcc/x86_64-w64-mingw32/11.2.0/../../../../x86_64-w64-mingw32/lib/../lib/libmingw32.a(lib64_libmingw32_a-pesect.o)
 .pdata         0x0000000140005300        0xc C:/msys64/msys64/mingw64/bin/../lib/gcc/x86_64-w64-mingw32/11.2.0/../../../../x86_64-w64-mingw32/lib/../lib/libmsvcrt.a(lib64_libmsvcrt_extra_a-__p__fmode.o)
 .pdata         0x000000014000530c        0xc C:/msys64/msys64/mingw64/bin/../lib/gcc/x86_64-w64-mingw32/11.2.0/../../../../x86_64-w64-mingw32/lib/../lib/libmsvcrt.a(lib64_libmsvcrt_extra_a-__p__commode.o)
 .pdata         0x0000000140005318        0xc C:/msys64/msys64/mingw64/bin/../lib/gcc/x86_64-w64-mingw32/11.2.0/../../../../x86_64-w64-mingw32/lib/../lib/libmsvcrt.a(lib64_libmsvcrt_extra_a-__p__acmdln.o)
 .pdata         0x0000000140005324       0x18 C:/msys64/msys64/mingw64/bin/../lib/gcc/x86_64-w64-mingw32/11.2.0/../../../../x86_64-w64-mingw32/lib/../lib/libmsvcrt.a(lib64_libmsvcrt_extra_a-invalid_parameter_handler.o)
 .pdata         0x000000014000533c        0xc C:/msys64/msys64/mingw64/bin/../lib/gcc/x86_64-w64-mingw32/11.2.0/../../../../x86_64-w64-mingw32/lib/../lib/libmsvcrt.a(lib64_libmsvcrt_common_a-acrt_iob_func.o)
 .pdata.startup
                0x0000000140005348        0xc C:/msys64/msys64/mingw64/bin/../lib/gcc/x86_64-w64-mingw32/11.2.0/crtend.o

.xdata          0x0000000140006000      0x400
 *(.xdata*)
 .xdata         0x0000000140006000       0x70 C:/msys64/msys64/mingw64/bin/../lib/gcc/x86_64-w64-mingw32/11.2.0/../../../../x86_64-w64-mingw32/lib/../lib/crt2.o
 .xdata         0x0000000140006070        0x8 C:/msys64/msys64/mingw64/bin/../lib/gcc/x86_64-w64-mingw32/11.2.0/crtbegin.o
 .xdata         0x0000000140006078       0x4c C:\Users\yomna\AppData\Local\Temp\ccjQ46Gs.o
 .xdata$_ZN4GPIOI8ARM_GPIOEC2Ev
                0x00000001400060c4       0x20 C:\Users\yomna\AppData\Local\Temp\ccjQ46Gs.o
 .xdata$_ZN4GPIOI8ARM_GPIOEC1Ev
                0x00000001400060e4       0x20 C:\Users\yomna\AppData\Local\Temp\ccjQ46Gs.o
 .xdata$_ZN4GPIOI8ARM_GPIOED2Ev
                0x0000000140006104        0xc C:\Users\yomna\AppData\Local\Temp\ccjQ46Gs.o
 .xdata$_ZN4GPIOI8ARM_GPIOED1Ev
                0x0000000140006110        0xc C:\Users\yomna\AppData\Local\Temp\ccjQ46Gs.o
 .xdata$_ZN4GPIOI8AVR_GPIOEC2Ev
                0x000000014000611c       0x20 C:\Users\yomna\AppData\Local\Temp\ccjQ46Gs.o
 .xdata$_ZN4GPIOI8AVR_GPIOEC1Ev
                0x000000014000613c       0x20 C:\Users\yomna\AppData\Local\Temp\ccjQ46Gs.o
 .xdata$_ZN4GPIOI8AVR_GPIOED2Ev
                0x000000014000615c        0xc C:\Users\yomna\AppData\Local\Temp\ccjQ46Gs.o
 .xdata$_ZN4GPIOI8AVR_GPIOED1Ev
                0x0000000140006168        0xc C:\Users\yomna\AppData\Local\Temp\ccjQ46Gs.o
 .xdata$_ZN3LEDI8ARM_GPIOEC2Ev
                0x0000000140006174       0x20 C:\Users\yomna\AppData\Local\Temp\cc4oDng7.o
 .xdata$_ZN3LEDI8ARM_GPIOEC1Ev
                0x0000000140006194       0x20 C:\Users\yomna\AppData\Local\Temp\cc4oDng7.o
 .xdata$_ZN3LEDI8ARM_GPIOED2Ev
                0x00000001400061b4        0x8 C:\Users\yomna\AppData\Local\Temp\cc4oDng7.o
 .xdata$_ZN3LEDI8ARM_GPIOED1Ev
                0x00000001400061bc        0x8 C:\Users\yomna\AppData\Local\Temp\cc4oDng7.o
 .xdata$_ZN3LEDI8AVR_GPIOEC2Ev
                0x00000001400061c4       0x20 C:\Users\yomna\AppData\Local\Temp\cc4oDng7.o
 .xdata$_ZN3LEDI8AVR_GPIOEC1Ev
                0x00000001400061e4       0x20 C:\Users\yomna\AppData\Local\Temp\cc4oDng7.o
 .xdata$_ZN3LEDI8AVR_GPIOED2Ev
                0x0000000140006204        0x8 C:\Users\yomna\AppData\Local\Temp\cc4oDng7.o
 .xdata$_ZN3LEDI8AVR_GPIOED1Ev
                0x000000014000620c        0x8 C:\Users\yomna\AppData\Local\Temp\cc4oDng7.o
 .xdata         0x0000000140006214       0x24 C:\Users\yomna\AppData\Local\Temp\cc4oDng7.o
 .xdata         0x0000000140006238        0xc C:\Users\yomna\AppData\Local\Temp\cc1jWlYN.o
 .xdata         0x0000000140006244       0x18 C:/msys64/msys64/mingw64/bin/../lib/gcc/x86_64-w64-mingw32/11.2.0/../../../../x86_64-w64-mingw32/lib/../lib/libmingw32.a(lib64_libmingw32_a-gccmain.o)
 .xdata         0x000000014000625c        0x4 C:/msys64/msys64/mingw64/bin/../lib/gcc/x86_64-w64-mingw32/11.2.0/../../../../x86_64-w64-mingw32/lib/../lib/libmingw32.a(lib64_libmingw32_a-dllargv.o)
 .xdata         0x0000000140006260       0x18 C:/msys64/msys64/mingw64/bin/../lib/gcc/x86_64-w64-mingw32/11.2.0/../../../../x86_64-w64-mingw32/lib/../lib/libmingw32.a(lib64_libmingw32_a-tlssup.o)
 .xdata         0x0000000140006278       0x18 C:/msys64/msys64/mingw64/bin/../lib/gcc/x86_64-w64-mingw32/11.2.0/../../../../x86_64-w64-mingw32/lib/../lib/libmingw32.a(lib64_libmingw32_a-merr.o)
 .xdata         0x0000000140006290        0x4 C:/msys64/msys64/mingw64/bin/../lib/gcc/x86_64-w64-mingw32/11.2.0/../../../../x86_64-w64-mingw32/lib/../lib/libmingw32.a(lib64_libmingw32_a-CRT_fp10.o)
 .xdata         0x0000000140006294       0x30 C:/msys64/msys64/mingw64/bin/../lib/gcc/x86_64-w64-mingw32/11.2.0/../../../../x86_64-w64-mingw32/lib/../lib/libmingw32.a(lib64_libmingw32_a-pseudo-reloc.o)
 .xdata         0x00000001400062c4        0xc C:/msys64/msys64/mingw64/bin/../lib/gcc/x86_64-w64-mingw32/11.2.0/../../../../x86_64-w64-mingw32/lib/../lib/libmingw32.a(lib64_libmingw32_a-usermatherr.o)
 .xdata         0x00000001400062d0        0x8 C:/msys64/msys64/mingw64/bin/../lib/gcc/x86_64-w64-mingw32/11.2.0/../../../../x86_64-w64-mingw32/lib/../lib/libmingw32.a(lib64_libmingw32_a-crt_handler.o)
 .xdata         0x00000001400062d8       0x34 C:/msys64/msys64/mingw64/bin/../lib/gcc/x86_64-w64-mingw32/11.2.0/../../../../x86_64-w64-mingw32/lib/../lib/libmingw32.a(lib64_libmingw32_a-tlsthrd.o)
 .xdata         0x000000014000630c       0x2c C:/msys64/msys64/mingw64/bin/../lib/gcc/x86_64-w64-mingw32/11.2.0/../../../../x86_64-w64-mingw32/lib/../lib/libmingw32.a(lib64_libmingw32_a-pesect.o)
 .xdata         0x0000000140006338        0x4 C:/msys64/msys64/mingw64/bin/../lib/gcc/x86_64-w64-mingw32/11.2.0/../../../../x86_64-w64-mingw32/lib/../lib/libmsvcrt.a(lib64_libmsvcrt_extra_a-__p__fmode.o)
 .xdata         0x000000014000633c        0x4 C:/msys64/msys64/mingw64/bin/../lib/gcc/x86_64-w64-mingw32/11.2.0/../../../../x86_64-w64-mingw32/lib/../lib/libmsvcrt.a(lib64_libmsvcrt_extra_a-__p__commode.o)
 .xdata         0x0000000140006340        0x4 C:/msys64/msys64/mingw64/bin/../lib/gcc/x86_64-w64-mingw32/11.2.0/../../../../x86_64-w64-mingw32/lib/../lib/libmsvcrt.a(lib64_libmsvcrt_extra_a-__p__acmdln.o)
 .xdata         0x0000000140006344        0x8 C:/msys64/msys64/mingw64/bin/../lib/gcc/x86_64-w64-mingw32/11.2.0/../../../../x86_64-w64-mingw32/lib/../lib/libmsvcrt.a(lib64_libmsvcrt_extra_a-invalid_parameter_handler.o)
 .xdata         0x000000014000634c        0x8 C:/msys64/msys64/mingw64/bin/../lib/gcc/x86_64-w64-mingw32/11.2.0/../../../../x86_64-w64-mingw32/lib/../lib/libmsvcrt.a(lib64_libmsvcrt_common_a-acrt_iob_func.o)
 .xdata.startup
                0x0000000140006354        0x4 C:/msys64/msys64/mingw64/bin/../lib/gcc/x86_64-w64-mingw32/11.2.0/crtend.o

.bss            0x0000000140007000      0x1a0
                0x0000000140007000                __bss_start__ = .
 *(.bss)
 .bss           0x0000000140007000       0x40 C:/msys64/msys64/mingw64/bin/../lib/gcc/x86_64-w64-mingw32/11.2.0/../../../../x86_64-w64-mingw32/lib/../lib/crt2.o
                0x0000000140007000                __mingw_module_is_dll
                0x0000000140007008                __mingw_winmain_lpCmdLine
                0x0000000140007010                __mingw_winmain_hInstance
 .bss           0x0000000140007040        0x0 C:/msys64/msys64/mingw64/bin/../lib/gcc/x86_64-w64-mingw32/11.2.0/crtbegin.o
 .bss           0x0000000140007040       0x10 C:\Users\yomna\AppData\Local\Temp\ccjQ46Gs.o
 .bss           0x0000000140007050       0x10 C:\Users\yomna\AppData\Local\Temp\cc4oDng7.o
 .bss           0x0000000140007060        0x0 C:\Users\yomna\AppData\Local\Temp\cc1jWlYN.o
 .bss           0x0000000140007060       0x10 C:/msys64/msys64/mingw64/bin/../lib/gcc/x86_64-w64-mingw32/11.2.0/../../../../x86_64-w64-mingw32/lib/../lib/libmingw32.a(lib64_libmingw32_a-gccmain.o)
 .bss           0x0000000140007070       0x10 C:/msys64/msys64/mingw64/bin/../lib/gcc/x86_64-w64-mingw32/11.2.0/../../../../x86_64-w64-mingw32/lib/../lib/libmingw32.a(lib64_libmingw32_a-natstart.o)
                0x0000000140007070                __native_startup_lock
                0x0000000140007078                __native_startup_state
 .bss           0x0000000140007080        0x0 C:/msys64/msys64/mingw64/bin/../lib/gcc/x86_64-w64-mingw32/11.2.0/../../../../x86_64-w64-mingw32/lib/../lib/libmingw32.a(lib64_libmingw32_a-wildcard.o)
 .bss           0x0000000140007080        0x0 C:/msys64/msys64/mingw64/bin/../lib/gcc/x86_64-w64-mingw32/11.2.0/../../../../x86_64-w64-mingw32/lib/../lib/libmingw32.a(lib64_libmingw32_a-dllargv.o)
 .bss           0x0000000140007080       0x10 C:/msys64/msys64/mingw64/bin/../lib/gcc/x86_64-w64-mingw32/11.2.0/../../../../x86_64-w64-mingw32/lib/../lib/libmingw32.a(lib64_libmingw32_a-_newmode.o)
                0x0000000140007080                _newmode
 .bss           0x0000000140007090       0x10 C:/msys64/msys64/mingw64/bin/../lib/gcc/x86_64-w64-mingw32/11.2.0/../../../../x86_64-w64-mingw32/lib/../lib/libmingw32.a(lib64_libmingw32_a-tlssup.o)
                0x0000000140007090                __mingw_initltssuo_force
                0x0000000140007094                __mingw_initltsdyn_force
                0x0000000140007098                __mingw_initltsdrot_force
                0x000000014000709c                _tls_index
 .bss           0x00000001400070a0       0x10 C:/msys64/msys64/mingw64/bin/../lib/gcc/x86_64-w64-mingw32/11.2.0/../../../../x86_64-w64-mingw32/lib/../lib/libmingw32.a(lib64_libmingw32_a-xncommod.o)
                0x00000001400070a0                _commode
 .bss           0x00000001400070b0        0x0 C:/msys64/msys64/mingw64/bin/../lib/gcc/x86_64-w64-mingw32/11.2.0/../../../../x86_64-w64-mingw32/lib/../lib/libmingw32.a(lib64_libmingw32_a-cinitexe.o)
 .bss           0x00000001400070b0        0x0 C:/msys64/msys64/mingw64/bin/../lib/gcc/x86_64-w64-mingw32/11.2.0/../../../../x86_64-w64-mingw32/lib/../lib/libmingw32.a(lib64_libmingw32_a-merr.o)
 .bss           0x00000001400070b0        0x0 C:/msys64/msys64/mingw64/bin/../lib/gcc/x86_64-w64-mingw32/11.2.0/../../../../x86_64-w64-mingw32/lib/../lib/libmingw32.a(lib64_libmingw32_a-CRT_fp10.o)
 .bss           0x00000001400070b0       0x10 C:/msys64/msys64/mingw64/bin/../lib/gcc/x86_64-w64-mingw32/11.2.0/../../../../x86_64-w64-mingw32/lib/../lib/libmingw32.a(lib64_libmingw32_a-mingw_helpers.o)
                0x00000001400070b0                __mingw_app_type
 .bss           0x00000001400070c0       0x10 C:/msys64/msys64/mingw64/bin/../lib/gcc/x86_64-w64-mingw32/11.2.0/../../../../x86_64-w64-mingw32/lib/../lib/libmingw32.a(lib64_libmingw32_a-pseudo-reloc.o)
 .bss           0x00000001400070d0       0x10 C:/msys64/msys64/mingw64/bin/../lib/gcc/x86_64-w64-mingw32/11.2.0/../../../../x86_64-w64-mingw32/lib/../lib/libmingw32.a(lib64_libmingw32_a-usermatherr.o)
 .bss           0x00000001400070e0       0x10 C:/msys64/msys64/mingw64/bin/../lib/gcc/x86_64-w64-mingw32/11.2.0/../../../../x86_64-w64-mingw32/lib/../lib/libmingw32.a(lib64_libmingw32_a-xtxtmode.o)
                0x00000001400070e0                _fmode
 .bss           0x00000001400070f0       0x10 C:/msys64/msys64/mingw64/bin/../lib/gcc/x86_64-w64-mingw32/11.2.0/../../../../x86_64-w64-mingw32/lib/../lib/libmingw32.a(lib64_libmingw32_a-crt_handler.o)
                0x00000001400070f0                __mingw_oldexcpt_handler
 .bss           0x0000000140007100       0x60 C:/msys64/msys64/mingw64/bin/../lib/gcc/x86_64-w64-mingw32/11.2.0/../../../../x86_64-w64-mingw32/lib/../lib/libmingw32.a(lib64_libmingw32_a-tlsthrd.o)
 .bss           0x0000000140007160        0x0 C:/msys64/msys64/mingw64/bin/../lib/gcc/x86_64-w64-mingw32/11.2.0/../../../../x86_64-w64-mingw32/lib/../lib/libmingw32.a(lib64_libmingw32_a-tlsmcrt.o)
 .bss           0x0000000140007160       0x10 C:/msys64/msys64/mingw64/bin/../lib/gcc/x86_64-w64-mingw32/11.2.0/../../../../x86_64-w64-mingw32/lib/../lib/libmingw32.a(lib64_libmingw32_a-pseudo-reloc-list.o)
 .bss           0x0000000140007170        0x0 C:/msys64/msys64/mingw64/bin/../lib/gcc/x86_64-w64-mingw32/11.2.0/../../../../x86_64-w64-mingw32/lib/../lib/libmingw32.a(lib64_libmingw32_a-pesect.o)
 .bss           0x0000000140007170        0x0 C:/msys64/msys64/mingw64/bin/../lib/gcc/x86_64-w64-mingw32/11.2.0/libgcc.a(_chkstk_ms.o)
 .bss           0x0000000140007170       0x20 C:/msys64/msys64/mingw64/bin/../lib/gcc/x86_64-w64-mingw32/11.2.0/libgcc.a(_ctors.o)
 .bss           0x0000000140007190        0x0 C:/msys64/msys64/mingw64/bin/../lib/gcc/x86_64-w64-mingw32/11.2.0/../../../../x86_64-w64-mingw32/lib/../lib/libmingwex.a(lib64_libmingwex_a-mingw_matherr.o)
 .bss           0x0000000140007190        0x0 C:/msys64/msys64/mingw64/bin/../lib/gcc/x86_64-w64-mingw32/11.2.0/../../../../x86_64-w64-mingw32/lib/../lib/libmsvcrt.a(lib64_libmsvcrt_extra_a-__p__fmode.o)
 .bss           0x0000000140007190        0x0 C:/msys64/msys64/mingw64/bin/../lib/gcc/x86_64-w64-mingw32/11.2.0/../../../../x86_64-w64-mingw32/lib/../lib/libmsvcrt.a(lib64_libmsvcrt_extra_a-__p__commode.o)
 .bss           0x0000000140007190        0x0 C:/msys64/msys64/mingw64/bin/../lib/gcc/x86_64-w64-mingw32/11.2.0/../../../../x86_64-w64-mingw32/lib/../lib/libmsvcrt.a(lib64_libmsvcrt_extra_a-__p__acmdln.o)
 .bss           0x0000000140007190       0x10 C:/msys64/msys64/mingw64/bin/../lib/gcc/x86_64-w64-mingw32/11.2.0/../../../../x86_64-w64-mingw32/lib/../lib/libmsvcrt.a(lib64_libmsvcrt_extra_a-invalid_parameter_handler.o)
 .bss           0x00000001400071a0        0x0 C:/msys64/msys64/mingw64/bin/../lib/gcc/x86_64-w64-mingw32/11.2.0/../../../../x86_64-w64-mingw32/lib/../lib/libmsvcrt.a(lib64_libmsvcrt_common_a-acrt_iob_func.o)
 .bss           0x00000001400071a0        0x0 C:/msys64/msys64/mingw64/bin/../lib/gcc/x86_64-w64-mingw32/11.2.0/../../../../x86_64-w64-mingw32/lib/../lib/libmsvcrt.a(libmsvcrt_defs00055.o)
 .bss           0x00000001400071a0        0x0 C:/msys64/msys64/mingw64/bin/../lib/gcc/x86_64-w64-mingw32/11.2.0/../../../../x86_64-w64-mingw32/lib/../lib/libmsvcrt.a(libmsvcrt_defs00081.o)
 .bss           0x00000001400071a0        0x0 C:/msys64/msys64/mingw64/bin/../lib/gcc/x86_64-w64-mingw32/11.2.0/../../../../x86_64-w64-mingw32/lib/../lib/libmsvcrt.a(libmsvcrt_defs00082.o)
 .bss           0x00000001400071a0        0x0 C:/msys64/msys64/mingw64/bin/../lib/gcc/x86_64-w64-mingw32/11.2.0/../../../../x86_64-w64-mingw32/lib/../lib/libmsvcrt.a(libmsvcrt_defs00083.o)
 .bss           0x00000001400071a0        0x0 C:/msys64/msys64/mingw64/bin/../lib/gcc/x86_64-w64-mingw32/11.2.0/../../../../x86_64-w64-mingw32/lib/../lib/libmsvcrt.a(libmsvcrt_defs00097.o)
 .bss           0x00000001400071a0        0x0 C:/msys64/msys64/mingw64/bin/../lib/gcc/x86_64-w64-mingw32/11.2.0/../../../../x86_64-w64-mingw32/lib/../lib/libmsvcrt.a(libmsvcrt_defs00099.o)
 .bss           0x00000001400071a0        0x0 C:/msys64/msys64/mingw64/bin/../lib/gcc/x86_64-w64-mingw32/11.2.0/../../../../x86_64-w64-mingw32/lib/../lib/libmsvcrt.a(libmsvcrt_defs00116.o)
 .bss           0x00000001400071a0        0x0 C:/msys64/msys64/mingw64/bin/../lib/gcc/x86_64-w64-mingw32/11.2.0/../../../../x86_64-w64-mingw32/lib/../lib/libmsvcrt.a(libmsvcrt_defs00123.o)
 .bss           0x00000001400071a0        0x0 C:/msys64/msys64/mingw64/bin/../lib/gcc/x86_64-w64-mingw32/11.2.0/../../../../x86_64-w64-mingw32/lib/../lib/libmsvcrt.a(libmsvcrt_defs00141.o)
 .bss           0x00000001400071a0        0x0 C:/msys64/msys64/mingw64/bin/../lib/gcc/x86_64-w64-mingw32/11.2.0/../../../../x86_64-w64-mingw32/lib/../lib/libmsvcrt.a(libmsvcrt_defs00157.o)
 .bss           0x00000001400071a0        0x0 C:/msys64/msys64/mingw64/bin/../lib/gcc/x86_64-w64-mingw32/11.2.0/../../../../x86_64-w64-mingw32/lib/../lib/libmsvcrt.a(libmsvcrt_defs00254.o)
 .bss           0x00000001400071a0        0x0 C:/msys64/msys64/mingw64/bin/../lib/gcc/x86_64-w64-mingw32/11.2.0/../../../../x86_64-w64-mingw32/lib/../lib/libmsvcrt.a(libmsvcrt_defs00332.o)
 .bss           0x00000001400071a0        0x0 C:/msys64/msys64/mingw64/bin/../lib/gcc/x86_64-w64-mingw32/11.2.0/../../../../x86_64-w64-mingw32/lib/../lib/libmsvcrt.a(libmsvcrt_defs00614.o)
 .bss           0x00000001400071a0        0x0 C:/msys64/msys64/mingw64/bin/../lib/gcc/x86_64-w64-mingw32/11.2.0/../../../../x86_64-w64-mingw32/lib/../lib/libmsvcrt.a(libmsvcrt_defs01038.o)
 .bss           0x00000001400071a0        0x0 C:/msys64/msys64/mingw64/bin/../lib/gcc/x86_64-w64-mingw32/11.2.0/../../../../x86_64-w64-mingw32/lib/../lib/libmsvcrt.a(libmsvcrt_defs01056.o)
 .bss           0x00000001400071a0        0x0 C:/msys64/msys64/mingw64/bin/../lib/gcc/x86_64-w64-mingw32/11.2.0/../../../../x86_64-w64-mingw32/lib/../lib/libmsvcrt.a(libmsvcrt_defs01069.o)
 .bss           0x00000001400071a0        0x0 C:/msys64/msys64/mingw64/bin/../lib/gcc/x86_64-w64-mingw32/11.2.0/../../../../x86_64-w64-mingw32/lib/../lib/libmsvcrt.a(libmsvcrt_defs01090.o)
 .bss           0x00000001400071a0        0x0 C:/msys64/msys64/mingw64/bin/../lib/gcc/x86_64-w64-mingw32/11.2.0/../../../../x86_64-w64-mingw32/lib/../lib/libmsvcrt.a(libmsvcrt_defs01097.o)
 .bss           0x00000001400071a0        0x0 C:/msys64/msys64/mingw64/bin/../lib/gcc/x86_64-w64-mingw32/11.2.0/../../../../x86_64-w64-mingw32/lib/../lib/libmsvcrt.a(libmsvcrt_defs01110.o)
 .bss           0x00000001400071a0        0x0 C:/msys64/msys64/mingw64/bin/../lib/gcc/x86_64-w64-mingw32/11.2.0/../../../../x86_64-w64-mingw32/lib/../lib/libmsvcrt.a(libmsvcrt_defs01158.o)
 .bss           0x00000001400071a0        0x0 C:/msys64/msys64/mingw64/bin/../lib/gcc/x86_64-w64-mingw32/11.2.0/../../../../x86_64-w64-mingw32/lib/../lib/libmsvcrt.a(libmsvcrt_defs01166.o)
 .bss           0x00000001400071a0        0x0 C:/msys64/msys64/mingw64/bin/../lib/gcc/x86_64-w64-mingw32/11.2.0/../../../../x86_64-w64-mingw32/lib/../lib/libmsvcrt.a(libmsvcrt_defs01198.o)
 .bss           0x00000001400071a0        0x0 C:/msys64/msys64/mingw64/bin/../lib/gcc/x86_64-w64-mingw32/11.2.0/../../../../x86_64-w64-mingw32/lib/../lib/libmsvcrt.a(libmsvcrt_defs01221.o)
 .bss           0x00000001400071a0        0x0 C:/msys64/msys64/mingw64/bin/../lib/gcc/x86_64-w64-mingw32/11.2.0/../../../../x86_64-w64-mingw32/lib/../lib/libmsvcrt.a(libmsvcrt_defs01224.o)
 .bss           0x00000001400071a0        0x0 C:/msys64/msys64/mingw64/bin/../lib/gcc/x86_64-w64-mingw32/11.2.0/../../../../x86_64-w64-mingw32/lib/../lib/libmsvcrt.a(libmsvcrt_defs01259.o)
 .bss           0x00000001400071a0        0x0 C:/msys64/msys64/mingw64/bin/../lib/gcc/x86_64-w64-mingw32/11.2.0/../../../../x86_64-w64-mingw32/lib/../lib/libmsvcrt.a(libmsvcrt_defh.o)
 .bss           0x00000001400071a0        0x0 C:/msys64/msys64/mingw64/bin/../lib/gcc/x86_64-w64-mingw32/11.2.0/../../../../x86_64-w64-mingw32/lib/../lib/libmsvcrt.a(libmsvcrt_deft.o)
 .bss           0x00000001400071a0        0x0 C:/msys64/msys64/mingw64/bin/../lib/gcc/x86_64-w64-mingw32/11.2.0/../../../../x86_64-w64-mingw32/lib/../lib/libkernel32.a(libkernel32s01493.o)
 .bss           0x00000001400071a0        0x0 C:/msys64/msys64/mingw64/bin/../lib/gcc/x86_64-w64-mingw32/11.2.0/../../../../x86_64-w64-mingw32/lib/../lib/libkernel32.a(libkernel32s01491.o)
 .bss           0x00000001400071a0        0x0 C:/msys64/msys64/mingw64/bin/../lib/gcc/x86_64-w64-mingw32/11.2.0/../../../../x86_64-w64-mingw32/lib/../lib/libkernel32.a(libkernel32s01444.o)
 .bss           0x00000001400071a0        0x0 C:/msys64/msys64/mingw64/bin/../lib/gcc/x86_64-w64-mingw32/11.2.0/../../../../x86_64-w64-mingw32/lib/../lib/libkernel32.a(libkernel32s01409.o)
 .bss           0x00000001400071a0        0x0 C:/msys64/msys64/mingw64/bin/../lib/gcc/x86_64-w64-mingw32/11.2.0/../../../../x86_64-w64-mingw32/lib/../lib/libkernel32.a(libkernel32s01393.o)
 .bss           0x00000001400071a0        0x0 C:/msys64/msys64/mingw64/bin/../lib/gcc/x86_64-w64-mingw32/11.2.0/../../../../x86_64-w64-mingw32/lib/../lib/libkernel32.a(libkernel32s00983.o)
 .bss           0x00000001400071a0        0x0 C:/msys64/msys64/mingw64/bin/../lib/gcc/x86_64-w64-mingw32/11.2.0/../../../../x86_64-w64-mingw32/lib/../lib/libkernel32.a(libkernel32s00891.o)
 .bss           0x00000001400071a0        0x0 C:/msys64/msys64/mingw64/bin/../lib/gcc/x86_64-w64-mingw32/11.2.0/../../../../x86_64-w64-mingw32/lib/../lib/libkernel32.a(libkernel32s00742.o)
 .bss           0x00000001400071a0        0x0 C:/msys64/msys64/mingw64/bin/../lib/gcc/x86_64-w64-mingw32/11.2.0/../../../../x86_64-w64-mingw32/lib/../lib/libkernel32.a(libkernel32s00629.o)
 .bss           0x00000001400071a0        0x0 C:/msys64/msys64/mingw64/bin/../lib/gcc/x86_64-w64-mingw32/11.2.0/../../../../x86_64-w64-mingw32/lib/../lib/libkernel32.a(libkernel32s00318.o)
 .bss           0x00000001400071a0        0x0 C:/msys64/msys64/mingw64/bin/../lib/gcc/x86_64-w64-mingw32/11.2.0/../../../../x86_64-w64-mingw32/lib/../lib/libkernel32.a(libkernel32s00282.o)
 .bss           0x00000001400071a0        0x0 C:/msys64/msys64/mingw64/bin/../lib/gcc/x86_64-w64-mingw32/11.2.0/../../../../x86_64-w64-mingw32/lib/../lib/libkernel32.a(libkernel32h.o)
 .bss           0x00000001400071a0        0x0 C:/msys64/msys64/mingw64/bin/../lib/gcc/x86_64-w64-mingw32/11.2.0/../../../../x86_64-w64-mingw32/lib/../lib/libkernel32.a(libkernel32t.o)
 .bss           0x00000001400071a0        0x0 C:/msys64/msys64/mingw64/bin/../lib/gcc/x86_64-w64-mingw32/11.2.0/crtend.o
 *(COMMON)
                0x00000001400071a0                __bss_end__ = .

.edata
 *(.edata)

/DISCARD/
 *(.debug$S)
 *(.debug$T)
 *(.debug$F)
 *(.drectve)
 *(.note.GNU-stack)
 *(.gnu.lto_*)

.idata          0x0000000140008000      0x800
 SORT_BY_NAME(*)(.idata$2)
 .idata$2       0x0000000140008000       0x14 C:/msys64/msys64/mingw64/bin/../lib/gcc/x86_64-w64-mingw32/11.2.0/../../../../x86_64-w64-mingw32/lib/../lib/libkernel32.a(libkernel32h.o)
                0x0000000140008000                _head_lib64_libkernel32_a
 .idata$2       0x0000000140008014       0x14 C:/msys64/msys64/mingw64/bin/../lib/gcc/x86_64-w64-mingw32/11.2.0/../../../../x86_64-w64-mingw32/lib/../lib/libmsvcrt.a(libmsvcrt_defh.o)
                0x0000000140008014                _head_lib64_libmsvcrt_def_a
 .idata$2       0x0000000140008028       0x14 C:/msys64/msys64/mingw64/bin/../lib/gcc/x86_64-w64-mingw32/11.2.0/libgcc_s.a(d000000.o)
                0x0000000140008028                _head_libgcc_s_seh_1_dll
 .idata$2       0x000000014000803c       0x14 C:/msys64/msys64/mingw64/bin/../lib/gcc/x86_64-w64-mingw32/11.2.0/libstdc++.dll.a(d000000.o)
                0x000000014000803c                _head_libstdc___6_dll
 SORT_BY_NAME(*)(.idata$3)
                0x0000000140008050        0x4 LONG 0x0
                0x0000000140008054        0x4 LONG 0x0
                0x0000000140008058        0x4 LONG 0x0
                0x000000014000805c        0x4 LONG 0x0
                0x0000000140008060        0x4 LONG 0x0
 SORT_BY_NAME(*)(.idata$4)
 .idata$4       0x0000000140008064        0x0 C:/msys64/msys64/mingw64/bin/../lib/gcc/x86_64-w64-mingw32/11.2.0/../../../../x86_64-w64-mingw32/lib/../lib/libkernel32.a(libkernel32h.o)
 .idata$4       0x0000000140008064        0x8 C:/msys64/msys64/mingw64/bin/../lib/gcc/x86_64-w64-mingw32/11.2.0/../../../../x86_64-w64-mingw32/lib/../lib/libkernel32.a(libkernel32s00282.o)
 .idata$4       0x000000014000806c        0x8 C:/msys64/msys64/mingw64/bin/../lib/gcc/x86_64-w64-mingw32/11.2.0/../../../../x86_64-w64-mingw32/lib/../lib/libkernel32.a(libkernel32s00318.o)
 .idata$4       0x0000000140008074        0x8 C:/msys64/msys64/mingw64/bin/../lib/gcc/x86_64-w64-mingw32/11.2.0/../../../../x86_64-w64-mingw32/lib/../lib/libkernel32.a(libkernel32s00629.o)
 .idata$4       0x000000014000807c        0x8 C:/msys64/msys64/mingw64/bin/../lib/gcc/x86_64-w64-mingw32/11.2.0/../../../../x86_64-w64-mingw32/lib/../lib/libkernel32.a(libkernel32s00742.o)
 .idata$4       0x0000000140008084        0x8 C:/msys64/msys64/mingw64/bin/../lib/gcc/x86_64-w64-mingw32/11.2.0/../../../../x86_64-w64-mingw32/lib/../lib/libkernel32.a(libkernel32s00891.o)
 .idata$4       0x000000014000808c        0x8 C:/msys64/msys64/mingw64/bin/../lib/gcc/x86_64-w64-mingw32/11.2.0/../../../../x86_64-w64-mingw32/lib/../lib/libkernel32.a(libkernel32s00983.o)
 .idata$4       0x0000000140008094        0x8 C:/msys64/msys64/mingw64/bin/../lib/gcc/x86_64-w64-mingw32/11.2.0/../../../../x86_64-w64-mingw32/lib/../lib/libkernel32.a(libkernel32s01393.o)
 .idata$4       0x000000014000809c        0x8 C:/msys64/msys64/mingw64/bin/../lib/gcc/x86_64-w64-mingw32/11.2.0/../../../../x86_64-w64-mingw32/lib/../lib/libkernel32.a(libkernel32s01409.o)
 .idata$4       0x00000001400080a4        0x8 C:/msys64/msys64/mingw64/bin/../lib/gcc/x86_64-w64-mingw32/11.2.0/../../../../x86_64-w64-mingw32/lib/../lib/libkernel32.a(libkernel32s01444.o)
 .idata$4       0x00000001400080ac        0x8 C:/msys64/msys64/mingw64/bin/../lib/gcc/x86_64-w64-mingw32/11.2.0/../../../../x86_64-w64-mingw32/lib/../lib/libkernel32.a(libkernel32s01491.o)
 .idata$4       0x00000001400080b4        0x8 C:/msys64/msys64/mingw64/bin/../lib/gcc/x86_64-w64-mingw32/11.2.0/../../../../x86_64-w64-mingw32/lib/../lib/libkernel32.a(libkernel32s01493.o)
 .idata$4       0x00000001400080bc        0x8 C:/msys64/msys64/mingw64/bin/../lib/gcc/x86_64-w64-mingw32/11.2.0/../../../../x86_64-w64-mingw32/lib/../lib/libkernel32.a(libkernel32t.o)
 .idata$4       0x00000001400080c4        0x0 C:/msys64/msys64/mingw64/bin/../lib/gcc/x86_64-w64-mingw32/11.2.0/../../../../x86_64-w64-mingw32/lib/../lib/libmsvcrt.a(libmsvcrt_defh.o)
 .idata$4       0x00000001400080c4        0x8 C:/msys64/msys64/mingw64/bin/../lib/gcc/x86_64-w64-mingw32/11.2.0/../../../../x86_64-w64-mingw32/lib/../lib/libmsvcrt.a(libmsvcrt_defs00055.o)
 .idata$4       0x00000001400080cc        0x8 C:/msys64/msys64/mingw64/bin/../lib/gcc/x86_64-w64-mingw32/11.2.0/../../../../x86_64-w64-mingw32/lib/../lib/libmsvcrt.a(libmsvcrt_defs00081.o)
 .idata$4       0x00000001400080d4        0x8 C:/msys64/msys64/mingw64/bin/../lib/gcc/x86_64-w64-mingw32/11.2.0/../../../../x86_64-w64-mingw32/lib/../lib/libmsvcrt.a(libmsvcrt_defs00082.o)
 .idata$4       0x00000001400080dc        0x8 C:/msys64/msys64/mingw64/bin/../lib/gcc/x86_64-w64-mingw32/11.2.0/../../../../x86_64-w64-mingw32/lib/../lib/libmsvcrt.a(libmsvcrt_defs00083.o)
 .idata$4       0x00000001400080e4        0x8 C:/msys64/msys64/mingw64/bin/../lib/gcc/x86_64-w64-mingw32/11.2.0/../../../../x86_64-w64-mingw32/lib/../lib/libmsvcrt.a(libmsvcrt_defs00097.o)
 .idata$4       0x00000001400080ec        0x8 C:/msys64/msys64/mingw64/bin/../lib/gcc/x86_64-w64-mingw32/11.2.0/../../../../x86_64-w64-mingw32/lib/../lib/libmsvcrt.a(libmsvcrt_defs00099.o)
 .idata$4       0x00000001400080f4        0x8 C:/msys64/msys64/mingw64/bin/../lib/gcc/x86_64-w64-mingw32/11.2.0/../../../../x86_64-w64-mingw32/lib/../lib/libmsvcrt.a(libmsvcrt_defs00116.o)
 .idata$4       0x00000001400080fc        0x8 C:/msys64/msys64/mingw64/bin/../lib/gcc/x86_64-w64-mingw32/11.2.0/../../../../x86_64-w64-mingw32/lib/../lib/libmsvcrt.a(libmsvcrt_defs00123.o)
 .idata$4       0x0000000140008104        0x8 C:/msys64/msys64/mingw64/bin/../lib/gcc/x86_64-w64-mingw32/11.2.0/../../../../x86_64-w64-mingw32/lib/../lib/libmsvcrt.a(libmsvcrt_defs00141.o)
 .idata$4       0x000000014000810c        0x8 C:/msys64/msys64/mingw64/bin/../lib/gcc/x86_64-w64-mingw32/11.2.0/../../../../x86_64-w64-mingw32/lib/../lib/libmsvcrt.a(libmsvcrt_defs00157.o)
 .idata$4       0x0000000140008114        0x8 C:/msys64/msys64/mingw64/bin/../lib/gcc/x86_64-w64-mingw32/11.2.0/../../../../x86_64-w64-mingw32/lib/../lib/libmsvcrt.a(libmsvcrt_defs00254.o)
 .idata$4       0x000000014000811c        0x8 C:/msys64/msys64/mingw64/bin/../lib/gcc/x86_64-w64-mingw32/11.2.0/../../../../x86_64-w64-mingw32/lib/../lib/libmsvcrt.a(libmsvcrt_defs00332.o)
 .idata$4       0x0000000140008124        0x8 C:/msys64/msys64/mingw64/bin/../lib/gcc/x86_64-w64-mingw32/11.2.0/../../../../x86_64-w64-mingw32/lib/../lib/libmsvcrt.a(libmsvcrt_defs00614.o)
 .idata$4       0x000000014000812c        0x8 C:/msys64/msys64/mingw64/bin/../lib/gcc/x86_64-w64-mingw32/11.2.0/../../../../x86_64-w64-mingw32/lib/../lib/libmsvcrt.a(libmsvcrt_defs01038.o)